This is pdfTeX, Version 3.141592653-2.6-1.40.28 (TeX Live 2025) (preloaded format=pdflatex 2025.9.6)  16 AUG 2026 16:57
entering extended mode
 restricted \write18 enabled.
 file:line:error style messages enabled.
 %&-line parsing enabled.
**/home/karam/phd_2026/defense_presentation/main.tex
(/home/karam/phd_2026/defense_presentation/main.tex
LaTeX2e <2025-06-01> patch level 1
L3 programming layer <2025-08-13>
(/usr/local/texlive/2025/texmf-dist/tex/latex/beamer/beamer.cls
Document Class: beamer 2025/08/13 v3.76 A class for typesetting presentations
(/usr/local/texlive/2025/texmf-dist/tex/latex/beamer/beamerbasemodes.sty (/usr/local/texlive/2025/texmf-dist/tex/latex/etoolbox/etoolbox.sty
Package: etoolbox 2025/02/11 v2.5l e-TeX tools for LaTeX (JAW)
\etb@tempcnta=\count275
)
\beamer@tempbox=\box53
\beamer@tempcount=\count276
\c@beamerpauses=\count277
 (/usr/local/texlive/2025/texmf-dist/tex/latex/beamer/beamerbasedecode.sty
\beamer@slideinframe=\count278
\beamer@minimum=\count279
\beamer@decode@box=\box54
)
\beamer@commentbox=\box55
\beamer@modecount=\count280
) (/usr/local/texlive/2025/texmf-dist/tex/generic/iftex/iftex.sty
Package: iftex 2024/12/12 v1.0g TeX engine tests
)
\headdp=\dimen148
\footheight=\dimen149
\sidebarheight=\dimen150
\beamer@tempdim=\dimen151
\beamer@finalheight=\dimen152
\beamer@animht=\dimen153
\beamer@animdp=\dimen154
\beamer@animwd=\dimen155
\beamer@leftmargin=\dimen156
\beamer@rightmargin=\dimen157
\beamer@leftsidebar=\dimen158
\beamer@rightsidebar=\dimen159
\beamer@boxsize=\dimen160
\beamer@vboxoffset=\dimen161
\beamer@descdefault=\dimen162
\beamer@descriptionwidth=\dimen163
\beamer@lastskip=\skip49
\beamer@areabox=\box56
\beamer@animcurrent=\box57
\beamer@animshowbox=\box58
\beamer@sectionbox=\box59
\beamer@logobox=\box60
\beamer@linebox=\box61
\beamer@sectioncount=\count281
\beamer@subsubsectionmax=\count282
\beamer@subsectionmax=\count283
\beamer@sectionmax=\count284
\beamer@totalheads=\count285
\beamer@headcounter=\count286
\beamer@partstartpage=\count287
\beamer@sectionstartpage=\count288
\beamer@subsectionstartpage=\count289
\beamer@animationtempa=\count290
\beamer@animationtempb=\count291
\beamer@xpos=\count292
\beamer@ypos=\count293
\beamer@ypos@offset=\count294
\beamer@showpartnumber=\count295
\beamer@currentsubsection=\count296
\beamer@coveringdepth=\count297
\beamer@sectionadjust=\count298
\beamer@toclastsection=\count299
\beamer@tocsectionnumber=\count300
 (/usr/local/texlive/2025/texmf-dist/tex/latex/beamer/beamerbaseoptions.sty (/usr/local/texlive/2025/texmf-dist/tex/latex/graphics/keyval.sty
Package: keyval 2022/05/29 v1.15 key=value parser (DPC)
\KV@toks@=\toks17
))
\beamer@paperwidth=\skip50
\beamer@paperheight=\skip51
 (/usr/local/texlive/2025/texmf-dist/tex/latex/geometry/geometry.sty
Package: geometry 2020/01/02 v5.9 Page Geometry
 (/usr/local/texlive/2025/texmf-dist/tex/generic/iftex/ifvtex.sty
Package: ifvtex 2019/10/25 v1.7 ifvtex legacy package. Use iftex instead.
)
\Gm@cnth=\count301
\Gm@cntv=\count302
\c@Gm@tempcnt=\count303
\Gm@bindingoffset=\dimen164
\Gm@wd@mp=\dimen165
\Gm@odd@mp=\dimen166
\Gm@even@mp=\dimen167
\Gm@layoutwidth=\dimen168
\Gm@layoutheight=\dimen169
\Gm@layouthoffset=\dimen170
\Gm@layoutvoffset=\dimen171
\Gm@dimlist=\toks18
) (/usr/local/texlive/2025/texmf-dist/tex/latex/pgf/math/pgfmath.sty (/usr/local/texlive/2025/texmf-dist/tex/latex/pgf/utilities/pgfrcs.sty (/usr/local/texlive/2025/texmf-dist/tex/generic/pgf/utilities/pgfutil-common.tex
\pgfutil@everybye=\toks19
\pgfutil@tempdima=\dimen172
\pgfutil@tempdimb=\dimen173
) (/usr/local/texlive/2025/texmf-dist/tex/generic/pgf/utilities/pgfutil-latex.def
\pgfutil@abb=\box62
) (/usr/local/texlive/2025/texmf-dist/tex/generic/pgf/utilities/pgfrcs.code.tex (/usr/local/texlive/2025/texmf-dist/tex/generic/pgf/pgf.revision.tex)
Package: pgfrcs 2025-08-29 v3.1.11a (3.1.11a)
)) (/usr/local/texlive/2025/texmf-dist/tex/latex/pgf/utilities/pgfkeys.sty (/usr/local/texlive/2025/texmf-dist/tex/generic/pgf/utilities/pgfkeys.code.tex
\pgfkeys@pathtoks=\toks20
\pgfkeys@temptoks=\toks21
 (/usr/local/texlive/2025/texmf-dist/tex/generic/pgf/utilities/pgfkeyslibraryfiltered.code.tex
\pgfkeys@tmptoks=\toks22
))) (/usr/local/texlive/2025/texmf-dist/tex/generic/pgf/math/pgfmath.code.tex (/usr/local/texlive/2025/texmf-dist/tex/generic/pgf/math/pgfmathutil.code.tex
\pgf@x=\dimen174
\pgf@xa=\dimen175
\pgf@xb=\dimen176
\pgf@xc=\dimen177
\pgf@y=\dimen178
\pgf@ya=\dimen179
\pgf@yb=\dimen180
\pgf@yc=\dimen181
\c@pgf@counta=\count304
\c@pgf@countb=\count305
\c@pgf@countc=\count306
\c@pgf@countd=\count307
) (/usr/local/texlive/2025/texmf-dist/tex/generic/pgf/math/pgfmathparser.code.tex
\pgfmath@dimen=\dimen182
\pgfmath@count=\count308
\pgfmath@box=\box63
\pgfmath@toks=\toks23
\pgfmath@stack@operand=\toks24
\pgfmath@stack@operation=\toks25
) (/usr/local/texlive/2025/texmf-dist/tex/generic/pgf/math/pgfmathfunctions.code.tex) (/usr/local/texlive/2025/texmf-dist/tex/generic/pgf/math/pgfmathfunctions.basic.code.tex) (/usr/local/texlive/2025/texmf-dist/tex/generic/pgf/math/pgfmathfunctions.trigonometric.code.tex) (/usr/local/texlive/2025/texmf-dist/tex/generic/pgf/math/pgfmathfunctions.random.code.tex) (/usr/local/texlive/2025/texmf-dist/tex/generic/pgf/math/pgfmathfunctions.comparison.code.tex) (/usr/local/texlive/2025/texmf-dist/tex/generic/pgf/math/pgfmathfunctions.base.code.tex) (/usr/local/texlive/2025/texmf-dist/tex/generic/pgf/math/pgfmathfunctions.round.code.tex) (/usr/local/texlive/2025/texmf-dist/tex/generic/pgf/math/pgfmathfunctions.misc.code.tex) (/usr/local/texlive/2025/texmf-dist/tex/generic/pgf/math/pgfmathfunctions.integerarithmetics.code.tex) (/usr/local/texlive/2025/texmf-dist/tex/generic/pgf/math/pgfmathcalc.code.tex) (/usr/local/texlive/2025/texmf-dist/tex/generic/pgf/math/pgfmathfloat.code.tex
\c@pgfmathroundto@lastzeros=\count309
))) (/usr/local/texlive/2025/texmf-dist/tex/latex/base/size10.clo
File: size10.clo 2025/01/22 v1.4n Standard LaTeX file (size option)
) (/usr/local/texlive/2025/texmf-dist/tex/latex/pgf/basiclayer/pgfcore.sty (/usr/local/texlive/2025/texmf-dist/tex/latex/graphics/graphicx.sty
Package: graphicx 2024/12/31 v1.2e Enhanced LaTeX Graphics (DPC,SPQR)
 (/usr/local/texlive/2025/texmf-dist/tex/latex/graphics/graphics.sty
Package: graphics 2024/08/06 v1.4g Standard LaTeX Graphics (DPC,SPQR)
 (/usr/local/texlive/2025/texmf-dist/tex/latex/graphics/trig.sty
Package: trig 2023/12/02 v1.11 sin cos tan (DPC)
) (/usr/local/texlive/2025/texmf-dist/tex/latex/graphics-cfg/graphics.cfg
File: graphics.cfg 2016/06/04 v1.11 sample graphics configuration
)
Package graphics Info: Driver file: pdftex.def on input line 106.
 (/usr/local/texlive/2025/texmf-dist/tex/latex/graphics-def/pdftex.def
File: pdftex.def 2024/04/13 v1.2c Graphics/color driver for pdftex
))
\Gin@req@height=\dimen183
\Gin@req@width=\dimen184
) (/usr/local/texlive/2025/texmf-dist/tex/latex/pgf/systemlayer/pgfsys.sty (/usr/local/texlive/2025/texmf-dist/tex/generic/pgf/systemlayer/pgfsys.code.tex
Package: pgfsys 2025-08-29 v3.1.11a (3.1.11a)
\pgf@x=\dimen185
\pgf@y=\dimen186
\pgf@xa=\dimen187
\pgf@ya=\dimen188
\pgf@xb=\dimen189
\pgf@yb=\dimen190
\pgf@xc=\dimen191
\pgf@yc=\dimen192
\pgf@xd=\dimen193
\pgf@yd=\dimen194
\w@pgf@writea=\write3
\r@pgf@reada=\read2
\c@pgf@counta=\count310
\c@pgf@countb=\count311
\c@pgf@countc=\count312
\c@pgf@countd=\count313
\t@pgf@toka=\toks26
\t@pgf@tokb=\toks27
\t@pgf@tokc=\toks28
\pgf@sys@id@count=\count314
 (/usr/local/texlive/2025/texmf-dist/tex/generic/pgf/systemlayer/pgf.cfg
File: pgf.cfg 2025-08-29 v3.1.11a (3.1.11a)
)
Driver file for pgf: pgfsys-pdftex.def
 (/usr/local/texlive/2025/texmf-dist/tex/generic/pgf/systemlayer/pgfsys-pdftex.def
File: pgfsys-pdftex.def 2025-08-29 v3.1.11a (3.1.11a)
 (/usr/local/texlive/2025/texmf-dist/tex/generic/pgf/systemlayer/pgfsys-common-pdf.def
File: pgfsys-common-pdf.def 2025-08-29 v3.1.11a (3.1.11a)
))) (/usr/local/texlive/2025/texmf-dist/tex/generic/pgf/systemlayer/pgfsyssoftpath.code.tex
File: pgfsyssoftpath.code.tex 2025-08-29 v3.1.11a (3.1.11a)
\pgfsyssoftpath@smallbuffer@items=\count315
\pgfsyssoftpath@bigbuffer@items=\count316
) (/usr/local/texlive/2025/texmf-dist/tex/generic/pgf/systemlayer/pgfsysprotocol.code.tex
File: pgfsysprotocol.code.tex 2025-08-29 v3.1.11a (3.1.11a)
)) (/usr/local/texlive/2025/texmf-dist/tex/latex/xcolor/xcolor.sty
Package: xcolor 2024/09/29 v3.02 LaTeX color extensions (UK)
 (/usr/local/texlive/2025/texmf-dist/tex/latex/graphics-cfg/color.cfg
File: color.cfg 2016/01/02 v1.6 sample color configuration
)
Package xcolor Info: Driver file: pdftex.def on input line 274.
 (/usr/local/texlive/2025/texmf-dist/tex/latex/graphics/mathcolor.ltx)
Package xcolor Info: Model `cmy' substituted by `cmy0' on input line 1349.
Package xcolor Info: Model `hsb' substituted by `rgb' on input line 1353.
Package xcolor Info: Model `RGB' extended on input line 1365.
Package xcolor Info: Model `HTML' substituted by `rgb' on input line 1367.
Package xcolor Info: Model `Hsb' substituted by `hsb' on input line 1368.
Package xcolor Info: Model `tHsb' substituted by `hsb' on input line 1369.
Package xcolor Info: Model `HSB' substituted by `hsb' on input line 1370.
Package xcolor Info: Model `Gray' substituted by `gray' on input line 1371.
Package xcolor Info: Model `wave' substituted by `hsb' on input line 1372.
) (/usr/local/texlive/2025/texmf-dist/tex/generic/pgf/basiclayer/pgfcore.code.tex
Package: pgfcore 2025-08-29 v3.1.11a (3.1.11a)
 (/usr/local/texlive/2025/texmf-dist/tex/generic/pgf/math/pgfint.code.tex) (/usr/local/texlive/2025/texmf-dist/tex/generic/pgf/basiclayer/pgfcorepoints.code.tex
File: pgfcorepoints.code.tex 2025-08-29 v3.1.11a (3.1.11a)
\pgf@picminx=\dimen195
\pgf@picmaxx=\dimen196
\pgf@picminy=\dimen197
\pgf@picmaxy=\dimen198
\pgf@pathminx=\dimen199
\pgf@pathmaxx=\dimen256
\pgf@pathminy=\dimen257
\pgf@pathmaxy=\dimen258
\pgf@xx=\dimen259
\pgf@xy=\dimen260
\pgf@yx=\dimen261
\pgf@yy=\dimen262
\pgf@zx=\dimen263
\pgf@zy=\dimen264
) (/usr/local/texlive/2025/texmf-dist/tex/generic/pgf/basiclayer/pgfcorepathconstruct.code.tex
File: pgfcorepathconstruct.code.tex 2025-08-29 v3.1.11a (3.1.11a)
\pgf@path@lastx=\dimen265
\pgf@path@lasty=\dimen266
) (/usr/local/texlive/2025/texmf-dist/tex/generic/pgf/basiclayer/pgfcorepathusage.code.tex
File: pgfcorepathusage.code.tex 2025-08-29 v3.1.11a (3.1.11a)
\pgf@shorten@end@additional=\dimen267
\pgf@shorten@start@additional=\dimen268
) (/usr/local/texlive/2025/texmf-dist/tex/generic/pgf/basiclayer/pgfcorescopes.code.tex
File: pgfcorescopes.code.tex 2025-08-29 v3.1.11a (3.1.11a)
\pgfpic=\box64
\pgf@hbox=\box65
\pgf@layerbox@main=\box66
\pgf@picture@serial@count=\count317
) (/usr/local/texlive/2025/texmf-dist/tex/generic/pgf/basiclayer/pgfcoregraphicstate.code.tex
File: pgfcoregraphicstate.code.tex 2025-08-29 v3.1.11a (3.1.11a)
\pgflinewidth=\dimen269
) (/usr/local/texlive/2025/texmf-dist/tex/generic/pgf/basiclayer/pgfcoretransformations.code.tex
File: pgfcoretransformations.code.tex 2025-08-29 v3.1.11a (3.1.11a)
\pgf@pt@x=\dimen270
\pgf@pt@y=\dimen271
\pgf@pt@temp=\dimen272
) (/usr/local/texlive/2025/texmf-dist/tex/generic/pgf/basiclayer/pgfcorequick.code.tex
File: pgfcorequick.code.tex 2025-08-29 v3.1.11a (3.1.11a)
) (/usr/local/texlive/2025/texmf-dist/tex/generic/pgf/basiclayer/pgfcoreobjects.code.tex
File: pgfcoreobjects.code.tex 2025-08-29 v3.1.11a (3.1.11a)
) (/usr/local/texlive/2025/texmf-dist/tex/generic/pgf/basiclayer/pgfcorepathprocessing.code.tex
File: pgfcorepathprocessing.code.tex 2025-08-29 v3.1.11a (3.1.11a)
) (/usr/local/texlive/2025/texmf-dist/tex/generic/pgf/basiclayer/pgfcorearrows.code.tex
File: pgfcorearrows.code.tex 2025-08-29 v3.1.11a (3.1.11a)
\pgfarrowsep=\dimen273
) (/usr/local/texlive/2025/texmf-dist/tex/generic/pgf/basiclayer/pgfcoreshade.code.tex
File: pgfcoreshade.code.tex 2025-08-29 v3.1.11a (3.1.11a)
\pgf@max=\dimen274
\pgf@sys@shading@range@num=\count318
\pgf@shadingcount=\count319
) (/usr/local/texlive/2025/texmf-dist/tex/generic/pgf/basiclayer/pgfcoreimage.code.tex
File: pgfcoreimage.code.tex 2025-08-29 v3.1.11a (3.1.11a)
) (/usr/local/texlive/2025/texmf-dist/tex/generic/pgf/basiclayer/pgfcoreexternal.code.tex
File: pgfcoreexternal.code.tex 2025-08-29 v3.1.11a (3.1.11a)
\pgfexternal@startupbox=\box67
) (/usr/local/texlive/2025/texmf-dist/tex/generic/pgf/basiclayer/pgfcorelayers.code.tex
File: pgfcorelayers.code.tex 2025-08-29 v3.1.11a (3.1.11a)
) (/usr/local/texlive/2025/texmf-dist/tex/generic/pgf/basiclayer/pgfcoretransparency.code.tex
File: pgfcoretransparency.code.tex 2025-08-29 v3.1.11a (3.1.11a)
) (/usr/local/texlive/2025/texmf-dist/tex/generic/pgf/basiclayer/pgfcorepatterns.code.tex
File: pgfcorepatterns.code.tex 2025-08-29 v3.1.11a (3.1.11a)
) (/usr/local/texlive/2025/texmf-dist/tex/generic/pgf/basiclayer/pgfcorerdf.code.tex
File: pgfcorerdf.code.tex 2025-08-29 v3.1.11a (3.1.11a)
))) (/usr/local/texlive/2025/texmf-dist/tex/latex/pgf/utilities/xxcolor.sty
Package: xxcolor 2003/10/24 ver 0.1
\XC@nummixins=\count320
\XC@countmixins=\count321
) (/usr/local/texlive/2025/texmf-dist/tex/latex/base/atbegshi-ltx.sty
Package: atbegshi-ltx 2021/01/10 v1.0c Emulation of the original atbegshi
package with kernel methods
) (/usr/local/texlive/2025/texmf-dist/tex/latex/hyperref/hyperref.sty
Package: hyperref 2025-07-12 v7.01o Hypertext links for LaTeX
 (/usr/local/texlive/2025/texmf-dist/tex/latex/kvsetkeys/kvsetkeys.sty
Package: kvsetkeys 2022-10-05 v1.19 Key value parser (HO)
) (/usr/local/texlive/2025/texmf-dist/tex/generic/kvdefinekeys/kvdefinekeys.sty
Package: kvdefinekeys 2019-12-19 v1.6 Define keys (HO)
) (/usr/local/texlive/2025/texmf-dist/tex/generic/pdfescape/pdfescape.sty
Package: pdfescape 2019/12/09 v1.15 Implements pdfTeX's escape features (HO)
 (/usr/local/texlive/2025/texmf-dist/tex/generic/ltxcmds/ltxcmds.sty
Package: ltxcmds 2023-12-04 v1.26 LaTeX kernel commands for general use (HO)
) (/usr/local/texlive/2025/texmf-dist/tex/generic/pdftexcmds/pdftexcmds.sty
Package: pdftexcmds 2020-06-27 v0.33 Utility functions of pdfTeX for LuaTeX (HO)
 (/usr/local/texlive/2025/texmf-dist/tex/generic/infwarerr/infwarerr.sty
Package: infwarerr 2019/12/03 v1.5 Providing info/warning/error messages (HO)
)
Package pdftexcmds Info: \pdf@primitive is available.
Package pdftexcmds Info: \pdf@ifprimitive is available.
Package pdftexcmds Info: \pdfdraftmode found.
)) (/usr/local/texlive/2025/texmf-dist/tex/latex/hycolor/hycolor.sty
Package: hycolor 2020-01-27 v1.10 Color options for hyperref/bookmark (HO)
) (/usr/local/texlive/2025/texmf-dist/tex/latex/hyperref/nameref.sty
Package: nameref 2025-06-21 v2.57 Cross-referencing by name of section
 (/usr/local/texlive/2025/texmf-dist/tex/latex/refcount/refcount.sty
Package: refcount 2019/12/15 v3.6 Data extraction from label references (HO)
) (/usr/local/texlive/2025/texmf-dist/tex/generic/gettitlestring/gettitlestring.sty
Package: gettitlestring 2019/12/15 v1.6 Cleanup title references (HO)
 (/usr/local/texlive/2025/texmf-dist/tex/latex/kvoptions/kvoptions.sty
Package: kvoptions 2022-06-15 v3.15 Key value format for package options (HO)
))
\c@section@level=\count322
) (/usr/local/texlive/2025/texmf-dist/tex/generic/stringenc/stringenc.sty
Package: stringenc 2019/11/29 v1.12 Convert strings between diff. encodings (HO)
)
\@linkdim=\dimen275
\Hy@linkcounter=\count323
\Hy@pagecounter=\count324
 (/usr/local/texlive/2025/texmf-dist/tex/latex/hyperref/pd1enc.def
File: pd1enc.def 2025-07-12 v7.01o Hyperref: PDFDocEncoding definition (HO)
Now handling font encoding PD1 ...
... no UTF-8 mapping file for font encoding PD1
) (/usr/local/texlive/2025/texmf-dist/tex/generic/intcalc/intcalc.sty
Package: intcalc 2019/12/15 v1.3 Expandable calculations with integers (HO)
)
\Hy@SavedSpaceFactor=\count325
 (/usr/local/texlive/2025/texmf-dist/tex/latex/hyperref/puenc.def
File: puenc.def 2025-07-12 v7.01o Hyperref: PDF Unicode definition (HO)
Now handling font encoding PU ...
... no UTF-8 mapping file for font encoding PU
)
Package hyperref Info: Option `bookmarks' set `true' on input line 4066.
Package hyperref Info: Option `bookmarksopen' set `true' on input line 4066.
Package hyperref Info: Option `implicit' set `false' on input line 4066.
Package hyperref Info: Hyper figures OFF on input line 4195.
Package hyperref Info: Link nesting OFF on input line 4200.
Package hyperref Info: Hyper index ON on input line 4203.
Package hyperref Info: Plain pages OFF on input line 4210.
Package hyperref Info: Backreferencing OFF on input line 4215.
Package hyperref Info: Implicit mode OFF; no redefinition of LaTeX internals.
Package hyperref Info: Bookmarks ON on input line 4462.
\c@Hy@tempcnt=\count326
 (/usr/local/texlive/2025/texmf-dist/tex/latex/url/url.sty
\Urlmuskip=\muskip17
Package: url 2013/09/16  ver 3.4  Verb mode for urls, etc.
)
LaTeX Info: Redefining \url on input line 4801.
\XeTeXLinkMargin=\dimen276
 (/usr/local/texlive/2025/texmf-dist/tex/generic/bitset/bitset.sty
Package: bitset 2019/12/09 v1.3 Handle bit-vector datatype (HO)
 (/usr/local/texlive/2025/texmf-dist/tex/generic/bigintcalc/bigintcalc.sty
Package: bigintcalc 2019/12/15 v1.5 Expandable calculations on big integers (HO)
))
\Fld@menulength=\count327
\Field@Width=\dimen277
\Fld@charsize=\dimen278
Package hyperref Info: Hyper figures OFF on input line 6078.
Package hyperref Info: Link nesting OFF on input line 6083.
Package hyperref Info: Hyper index ON on input line 6086.
Package hyperref Info: backreferencing OFF on input line 6093.
Package hyperref Info: Link coloring OFF on input line 6098.
Package hyperref Info: Link coloring with OCG OFF on input line 6103.
Package hyperref Info: PDF/A mode OFF on input line 6108.
\Hy@abspage=\count328


Package hyperref Message: Stopped early.

)
Package hyperref Info: Driver (autodetected): hpdftex.
 (/usr/local/texlive/2025/texmf-dist/tex/latex/hyperref/hpdftex.def
File: hpdftex.def 2025-07-12 v7.01o Hyperref driver for pdfTeX
\Fld@listcount=\count329
\c@bookmark@seq@number=\count330
 (/usr/local/texlive/2025/texmf-dist/tex/latex/rerunfilecheck/rerunfilecheck.sty
Package: rerunfilecheck 2025-06-21 v1.11 Rerun checks for auxiliary files (HO)
 (/usr/local/texlive/2025/texmf-dist/tex/generic/uniquecounter/uniquecounter.sty
Package: uniquecounter 2019/12/15 v1.4 Provide unlimited unique counter (HO)
)
Package uniquecounter Info: New unique counter `rerunfilecheck' on input line 284.
)) (/usr/local/texlive/2025/texmf-dist/tex/latex/beamer/beamerbaserequires.sty (/usr/local/texlive/2025/texmf-dist/tex/latex/beamer/beamerbasecompatibility.sty) (/usr/local/texlive/2025/texmf-dist/tex/latex/beamer/beamerbasefont.sty (/usr/local/texlive/2025/texmf-dist/tex/latex/amsfonts/amssymb.sty
Package: amssymb 2013/01/14 v3.01 AMS font symbols
 (/usr/local/texlive/2025/texmf-dist/tex/latex/amsfonts/amsfonts.sty
Package: amsfonts 2013/01/14 v3.01 Basic AMSFonts support
\@emptytoks=\toks29
\symAMSa=\mathgroup4
\symAMSb=\mathgroup5
LaTeX Font Info:    Redeclaring math symbol \hbar on input line 98.
LaTeX Font Info:    Overwriting math alphabet `\mathfrak' in version `bold'
(Font)                  U/euf/m/n --> U/euf/b/n on input line 106.
)) (/usr/local/texlive/2025/texmf-dist/tex/latex/sansmathaccent/sansmathaccent.sty
Package: sansmathaccent 2020/01/31
 (/usr/local/texlive/2025/texmf-dist/tex/latex/koma-script/scrlfile.sty
Package: scrlfile 2025/08/28 v3.47 KOMA-Script package (file load hooks)
 (/usr/local/texlive/2025/texmf-dist/tex/latex/koma-script/scrlfile-hook.sty
Package: scrlfile-hook 2025/08/28 v3.47 KOMA-Script package (using LaTeX hooks)
 (/usr/local/texlive/2025/texmf-dist/tex/latex/koma-script/scrlogo.sty
Package: scrlogo 2025/08/28 v3.47 KOMA-Script package (logo)
))))) (/usr/local/texlive/2025/texmf-dist/tex/latex/beamer/beamerbasetranslator.sty (/usr/local/texlive/2025/texmf-dist/tex/latex/translator/translator.sty
Package: translator 2021-05-31 v1.12d Easy translation of strings in LaTeX
)) (/usr/local/texlive/2025/texmf-dist/tex/latex/beamer/beamerbasemisc.sty) (/usr/local/texlive/2025/texmf-dist/tex/latex/beamer/beamerbasetwoscreens.sty) (/usr/local/texlive/2025/texmf-dist/tex/latex/beamer/beamerbaseoverlay.sty
\beamer@argscount=\count331
\beamer@lastskipcover=\skip52
\beamer@trivlistdepth=\count332
) (/usr/local/texlive/2025/texmf-dist/tex/latex/beamer/beamerbasetitle.sty) (/usr/local/texlive/2025/texmf-dist/tex/latex/beamer/beamerbasesection.sty
\c@lecture=\count333
\c@part=\count334
\c@section=\count335
\c@subsection=\count336
\c@subsubsection=\count337
) (/usr/local/texlive/2025/texmf-dist/tex/latex/beamer/beamerbaseframe.sty
\beamer@framebox=\box68
\beamer@frametitlebox=\box69
\beamer@zoombox=\box70
\beamer@zoomcount=\count338
\beamer@zoomframecount=\count339
\beamer@frametextheight=\dimen279
\c@subsectionslide=\count340
\beamer@frametopskip=\skip53
\beamer@framebottomskip=\skip54
\beamer@frametopskipautobreak=\skip55
\beamer@framebottomskipautobreak=\skip56
\beamer@envbody=\toks30
\framewidth=\dimen280
\c@framenumber=\count341
) (/usr/local/texlive/2025/texmf-dist/tex/latex/beamer/beamerbaseverbatim.sty
\beamer@verbatimfileout=\write4
) (/usr/local/texlive/2025/texmf-dist/tex/latex/beamer/beamerbaseframesize.sty
\beamer@splitbox=\box71
\beamer@autobreakcount=\count342
\beamer@autobreaklastheight=\dimen281
\beamer@frametitletoks=\toks31
\beamer@framesubtitletoks=\toks32
) (/usr/local/texlive/2025/texmf-dist/tex/latex/beamer/beamerbaseframecomponents.sty
\beamer@colheight=\skip57
\beamer@footins=\box72
) (/usr/local/texlive/2025/texmf-dist/tex/latex/beamer/beamerbasecolor.sty) (/usr/local/texlive/2025/texmf-dist/tex/latex/beamer/beamerbasenotes.sty
\beamer@frameboxcopy=\box73
) (/usr/local/texlive/2025/texmf-dist/tex/latex/beamer/beamerbasetoc.sty) (/usr/local/texlive/2025/texmf-dist/tex/latex/beamer/beamerbasetemplates.sty
\beamer@sbttoks=\toks33
 (/usr/local/texlive/2025/texmf-dist/tex/latex/beamer/beamerbaseauxtemplates.sty (/usr/local/texlive/2025/texmf-dist/tex/latex/beamer/beamerbaseboxes.sty
\bmb@box=\box74
\bmb@colorbox=\box75
\bmb@boxwidth=\dimen282
\bmb@boxheight=\dimen283
\bmb@prevheight=\dimen284
\bmb@temp=\dimen285
\bmb@dima=\dimen286
\bmb@dimb=\dimen287
\bmb@prevheight=\dimen288
)
\beamer@blockheadheight=\dimen289
)) (/usr/local/texlive/2025/texmf-dist/tex/latex/beamer/beamerbaselocalstructure.sty (/usr/local/texlive/2025/texmf-dist/tex/latex/tools/enumerate.sty
Package: enumerate 2023/07/04 v3.00 enumerate extensions (DPC)
\@enLab=\toks34
)
\beamer@bibiconwidth=\skip58
\c@figure=\count343
\c@table=\count344
\abovecaptionskip=\skip59
\belowcaptionskip=\skip60
) (/usr/local/texlive/2025/texmf-dist/tex/latex/beamer/beamerbasenavigation.sty (/usr/local/texlive/2025/texmf-dist/tex/latex/beamer/beamerbasenavigationsymbols.tex)
\beamer@section@min@dim=\dimen290
) (/usr/local/texlive/2025/texmf-dist/tex/latex/beamer/beamerbasetheorems.sty (/usr/local/texlive/2025/texmf-dist/tex/latex/amsmath/amsmath.sty
Package: amsmath 2025/06/16 v2.17y AMS math features
\@mathmargin=\skip61

For additional information on amsmath, use the `?' option.
(/usr/local/texlive/2025/texmf-dist/tex/latex/amsmath/amstext.sty
Package: amstext 2024/11/17 v2.01 AMS text
 (/usr/local/texlive/2025/texmf-dist/tex/latex/amsmath/amsgen.sty
File: amsgen.sty 1999/11/30 v2.0 generic functions
\@emptytoks=\toks35
\ex@=\dimen291
)) (/usr/local/texlive/2025/texmf-dist/tex/latex/amsmath/amsbsy.sty
Package: amsbsy 1999/11/29 v1.2d Bold Symbols
\pmbraise@=\dimen292
) (/usr/local/texlive/2025/texmf-dist/tex/latex/amsmath/amsopn.sty
Package: amsopn 2022/04/08 v2.04 operator names
)
\inf@bad=\count345
LaTeX Info: Redefining \frac on input line 233.
\uproot@=\count346
\leftroot@=\count347
LaTeX Info: Redefining \overline on input line 398.
LaTeX Info: Redefining \colon on input line 409.
\classnum@=\count348
\DOTSCASE@=\count349
LaTeX Info: Redefining \ldots on input line 495.
LaTeX Info: Redefining \dots on input line 498.
LaTeX Info: Redefining \cdots on input line 619.
\Mathstrutbox@=\box76
\strutbox@=\box77
LaTeX Info: Redefining \big on input line 721.
LaTeX Info: Redefining \Big on input line 722.
LaTeX Info: Redefining \bigg on input line 723.
LaTeX Info: Redefining \Bigg on input line 724.
\big@size=\dimen293
LaTeX Font Info:    Redeclaring font encoding OML on input line 742.
LaTeX Font Info:    Redeclaring font encoding OMS on input line 743.
\macc@depth=\count350
LaTeX Info: Redefining \bmod on input line 904.
LaTeX Info: Redefining \pmod on input line 909.
LaTeX Info: Redefining \smash on input line 939.
LaTeX Info: Redefining \relbar on input line 969.
LaTeX Info: Redefining \Relbar on input line 970.
\c@MaxMatrixCols=\count351
\dotsspace@=\muskip18
\c@parentequation=\count352
\dspbrk@lvl=\count353
\tag@help=\toks36
\row@=\count354
\column@=\count355
\maxfields@=\count356
\andhelp@=\toks37
\eqnshift@=\dimen294
\alignsep@=\dimen295
\tagshift@=\dimen296
\tagwidth@=\dimen297
\totwidth@=\dimen298
\lineht@=\dimen299
\@envbody=\toks38
\multlinegap=\skip62
\multlinetaggap=\skip63
\mathdisplay@stack=\toks39
LaTeX Info: Redefining \[ on input line 2949.
LaTeX Info: Redefining \] on input line 2950.
) (/usr/local/texlive/2025/texmf-dist/tex/latex/amscls/amsthm.sty
Package: amsthm 2020/05/29 v2.20.6
\thm@style=\toks40
\thm@bodyfont=\toks41
\thm@headfont=\toks42
\thm@notefont=\toks43
\thm@headpunct=\toks44
\thm@preskip=\skip64
\thm@postskip=\skip65
\thm@headsep=\skip66
\dth@everypar=\toks45
)
\c@theorem=\count357
) (/usr/local/texlive/2025/texmf-dist/tex/latex/beamer/beamerbasethemes.sty)) (/usr/local/texlive/2025/texmf-dist/tex/latex/beamer/beamerthemedefault.sty (/usr/local/texlive/2025/texmf-dist/tex/latex/beamer/beamerfontthemedefault.sty) (/usr/local/texlive/2025/texmf-dist/tex/latex/beamer/beamercolorthemedefault.sty) (/usr/local/texlive/2025/texmf-dist/tex/latex/beamer/beamerinnerthemedefault.sty
\beamer@dima=\dimen300
\beamer@dimb=\dimen301
) (/usr/local/texlive/2025/texmf-dist/tex/latex/beamer/beamerouterthemedefault.sty))) (/usr/local/texlive/2025/texmf-dist/tex/latex/base/fontenc.sty
Package: fontenc 2024/12/21 v2.1c Standard LaTeX package
) (/usr/local/texlive/2025/texmf-dist/tex/latex/base/inputenc.sty
Package: inputenc 2024/02/08 v1.3d Input encoding file
\inpenc@prehook=\toks46
\inpenc@posthook=\toks47
) (/usr/local/texlive/2025/texmf-dist/tex/latex/beamer/beamerfontthemeprofessionalfonts.sty) (/usr/local/texlive/2025/texmf-dist/tex/latex/mathtools/mathtools.sty
Package: mathtools 2024/10/04 v1.31 mathematical typesetting tools
 (/usr/local/texlive/2025/texmf-dist/tex/latex/tools/calc.sty
Package: calc 2025/03/01 v4.3b Infix arithmetic (KKT,FJ)
\calc@Acount=\count358
\calc@Bcount=\count359
\calc@Adimen=\dimen302
\calc@Bdimen=\dimen303
\calc@Askip=\skip67
\calc@Bskip=\skip68
LaTeX Info: Redefining \setlength on input line 86.
LaTeX Info: Redefining \addtolength on input line 87.
\calc@Ccount=\count360
\calc@Cskip=\skip69
) (/usr/local/texlive/2025/texmf-dist/tex/latex/mathtools/mhsetup.sty
Package: mhsetup 2021/03/18 v1.4 programming setup (MH)
)
\g_MT_multlinerow_int=\count361
\l_MT_multwidth_dim=\dimen304
\origjot=\skip70
\l_MT_shortvdotswithinadjustabove_dim=\dimen305
\l_MT_shortvdotswithinadjustbelow_dim=\dimen306
\l_MT_above_intertext_sep=\dimen307
\l_MT_below_intertext_sep=\dimen308
\l_MT_above_shortintertext_sep=\dimen309
\l_MT_below_shortintertext_sep=\dimen310
\xmathstrut@box=\box78
\xmathstrut@dim=\dimen311
) (/usr/local/texlive/2025/texmf-dist/tex/latex/tools/bm.sty
Package: bm 2023/12/19 v1.2f Bold Symbol Support (DPC/FMi)
\symboldoperators=\mathgroup6
\symboldletters=\mathgroup7
\symboldsymbols=\mathgroup8
Package bm Info: No bold for \OMX/cmex/m/n, using \pmb.
Package bm Info: No bold for \U/msa/m/n, using \pmb.
Package bm Info: No bold for \U/msb/m/n, using \pmb.
LaTeX Font Info:    Redeclaring math alphabet \mathbf on input line 149.
) (/usr/local/texlive/2025/texmf-dist/tex/latex/booktabs/booktabs.sty
Package: booktabs 2020/01/12 v1.61803398 Publication quality tables
\heavyrulewidth=\dimen312
\lightrulewidth=\dimen313
\cmidrulewidth=\dimen314
\belowrulesep=\dimen315
\belowbottomsep=\dimen316
\aboverulesep=\dimen317
\abovetopsep=\dimen318
\cmidrulesep=\dimen319
\cmidrulekern=\dimen320
\defaultaddspace=\dimen321
\@cmidla=\count362
\@cmidlb=\count363
\@aboverulesep=\dimen322
\@belowrulesep=\dimen323
\@thisruleclass=\count364
\@lastruleclass=\count365
\@thisrulewidth=\dimen324
) (/usr/local/texlive/2025/texmf-dist/tex/latex/tools/tabularx.sty
Package: tabularx 2023/12/11 v2.12a `tabularx' package (DPC)
 (/usr/local/texlive/2025/texmf-dist/tex/latex/tools/array.sty
Package: array 2025/06/08 v2.6j Tabular extension package (FMi)
\col@sep=\dimen325
\ar@mcellbox=\box79
\extrarowheight=\dimen326
\NC@list=\toks48
\extratabsurround=\skip71
\backup@length=\skip72
\ar@cellbox=\box80
)
\TX@col@width=\dimen327
\TX@old@table=\dimen328
\TX@old@col=\dimen329
\TX@target=\dimen330
\TX@delta=\dimen331
\TX@cols=\count366
\TX@ftn=\toks49
) (/usr/local/texlive/2025/texmf-dist/tex/latex/multirow/multirow.sty
Package: multirow 2024/11/12 v2.9 Span multiple rows of a table
\multirow@colwidth=\skip73
\multirow@cntb=\count367
\multirow@dima=\skip74
\bigstrutjot=\dimen332
) (/usr/local/texlive/2025/texmf-dist/tex/latex/makecell/makecell.sty
Package: makecell 2009/08/03 V0.1e Managing of Tab Column Heads and Cells
\rotheadsize=\dimen333
\c@nlinenum=\count368
\TeXr@lab=\toks50
) (/usr/local/texlive/2025/texmf-dist/tex/latex/colortbl/colortbl.sty
Package: colortbl 2024/10/29 v1.0k Color table columns (DPC)
\everycr=\toks51
\minrowclearance=\skip75
\rownum=\count369
) (/usr/local/texlive/2025/texmf-dist/tex/latex/ragged2e/ragged2e.sty
Package: ragged2e 2023/06/22 v3.6 ragged2e Package
\CenteringLeftskip=\skip76
\RaggedLeftLeftskip=\skip77
\RaggedRightLeftskip=\skip78
\CenteringRightskip=\skip79
\RaggedLeftRightskip=\skip80
\RaggedRightRightskip=\skip81
\CenteringParfillskip=\skip82
\RaggedLeftParfillskip=\skip83
\RaggedRightParfillskip=\skip84
\JustifyingParfillskip=\skip85
\CenteringParindent=\skip86
\RaggedLeftParindent=\skip87
\RaggedRightParindent=\skip88
\JustifyingParindent=\skip89
) (/usr/local/texlive/2025/texmf-dist/tex/latex/microtype/microtype.sty
Package: microtype 2025/07/09 v3.2b Micro-typographical refinements (RS)
\MT@toks=\toks52
\MT@tempbox=\box81
\MT@count=\count370
LaTeX Info: Redefining \noprotrusionifhmode on input line 1087.
LaTeX Info: Redefining \leftprotrusion on input line 1088.
\MT@prot@toks=\toks53
LaTeX Info: Redefining \rightprotrusion on input line 1107.
LaTeX Info: Redefining \textls on input line 1449.
\MT@outer@kern=\dimen334
LaTeX Info: Redefining \microtypecontext on input line 2053.
LaTeX Info: Redefining \textmicrotypecontext on input line 2070.
\MT@listname@count=\count371
 (/usr/local/texlive/2025/texmf-dist/tex/latex/microtype/microtype-pdftex.def
File: microtype-pdftex.def 2025/07/09 v3.2b Definitions specific to pdftex (RS)
LaTeX Info: Redefining \lsstyle on input line 944.
LaTeX Info: Redefining \lslig on input line 944.
\MT@outer@space=\skip90
)
Package microtype Info: Loading configuration file microtype.cfg.
 (/usr/local/texlive/2025/texmf-dist/tex/latex/microtype/microtype.cfg
File: microtype.cfg 2025/07/09 v3.2b microtype main configuration file (RS)
)
LaTeX Info: Redefining \microtypesetup on input line 3065.
) (/usr/local/texlive/2025/texmf-dist/tex/latex/appendixnumberbeamer/appendixnumberbeamer.sty) (./theme.tex)
Package hyperref Info: Option `colorlinks' set `true' on input line 34.
 (/usr/local/texlive/2025/texmf-dist/tex/latex/l3backend/l3backend-pdftex.def
File: l3backend-pdftex.def 2025-06-09 L3 backend support: PDF output (pdfTeX)
\l__color_backend_stack_int=\count372
) (./main.aux)
\openout1 = `main.aux'.

LaTeX Font Info:    Checking defaults for OML/cmm/m/it on input line 41.
LaTeX Font Info:    ... okay on input line 41.
LaTeX Font Info:    Checking defaults for OMS/cmsy/m/n on input line 41.
LaTeX Font Info:    ... okay on input line 41.
LaTeX Font Info:    Checking defaults for OT1/cmr/m/n on input line 41.
LaTeX Font Info:    ... okay on input line 41.
LaTeX Font Info:    Checking defaults for T1/cmr/m/n on input line 41.
LaTeX Font Info:    ... okay on input line 41.
LaTeX Font Info:    Checking defaults for TS1/cmr/m/n on input line 41.
LaTeX Font Info:    ... okay on input line 41.
LaTeX Font Info:    Checking defaults for OMX/cmex/m/n on input line 41.
LaTeX Font Info:    ... okay on input line 41.
LaTeX Font Info:    Checking defaults for U/cmr/m/n on input line 41.
LaTeX Font Info:    ... okay on input line 41.
LaTeX Font Info:    Checking defaults for PD1/pdf/m/n on input line 41.
LaTeX Font Info:    ... okay on input line 41.
LaTeX Font Info:    Checking defaults for PU/pdf/m/n on input line 41.
LaTeX Font Info:    ... okay on input line 41.

*geometry* driver: auto-detecting
*geometry* detected driver: pdftex
*geometry* verbose mode - [ preamble ] result:
* driver: pdftex
* paper: custom
* layout: <same size as paper>
* layoutoffset:(h,v)=(0.0pt,0.0pt)
* modes: includehead includefoot 
* h-part:(L,W,R)=(15.93347pt, 423.37714pt, 15.93347pt)
* v-part:(T,H,B)=(0.0pt, 256.0748pt, 0.0pt)
* \paperwidth=455.24408pt
* \paperheight=256.0748pt
* \textwidth=423.37714pt
* \textheight=227.62207pt
* \oddsidemargin=-56.33652pt
* \evensidemargin=-56.33652pt
* \topmargin=-72.26999pt
* \headheight=14.22636pt
* \headsep=0.0pt
* \topskip=10.0pt
* \footskip=14.22636pt
* \marginparwidth=3.0pt
* \marginparsep=11.0pt
* \columnsep=10.0pt
* \skip\footins=9.0pt plus 4.0pt minus 2.0pt
* \hoffset=0.0pt
* \voffset=0.0pt
* \mag=1000
* \@twocolumnfalse
* \@twosidefalse
* \@mparswitchfalse
* \@reversemarginfalse
* (1in=72.27pt=25.4mm, 1cm=28.453pt)

(/usr/local/texlive/2025/texmf-dist/tex/context/base/mkii/supp-pdf.mkii
[Loading MPS to PDF converter (version 2006.09.02).]
\scratchcounter=\count373
\scratchdimen=\dimen335
\scratchbox=\box82
\nofMPsegments=\count374
\nofMParguments=\count375
\everyMPshowfont=\toks54
\MPscratchCnt=\count376
\MPscratchDim=\dimen336
\MPnumerator=\count377
\makeMPintoPDFobject=\count378
\everyMPtoPDFconversion=\toks55
) (/usr/local/texlive/2025/texmf-dist/tex/latex/epstopdf-pkg/epstopdf-base.sty
Package: epstopdf-base 2020-01-24 v2.11 Base part for package epstopdf
Package epstopdf-base Info: Redefining graphics rule for `.eps' on input line 485.
 (/usr/local/texlive/2025/texmf-dist/tex/latex/latexconfig/epstopdf-sys.cfg
File: epstopdf-sys.cfg 2010/07/13 v1.3 Configuration of (r)epstopdf for TeX Live
))
Package hyperref Info: Link coloring ON on input line 41.
 (./main.out) (./main.out)
\@outlinefile=\write5
\openout5 = `main.out'.

 (/usr/local/texlive/2025/texmf-dist/tex/latex/translator/translator-basic-dictionary-English.dict
Dictionary: translator-basic-dictionary, Language: English 
) (/usr/local/texlive/2025/texmf-dist/tex/latex/translator/translator-bibliography-dictionary-English.dict
Dictionary: translator-bibliography-dictionary, Language: English 
) (/usr/local/texlive/2025/texmf-dist/tex/latex/translator/translator-environment-dictionary-English.dict
Dictionary: translator-environment-dictionary, Language: English 
) (/usr/local/texlive/2025/texmf-dist/tex/latex/translator/translator-months-dictionary-English.dict
Dictionary: translator-months-dictionary, Language: English 
) (/usr/local/texlive/2025/texmf-dist/tex/latex/translator/translator-numbers-dictionary-English.dict
Dictionary: translator-numbers-dictionary, Language: English 
) (/usr/local/texlive/2025/texmf-dist/tex/latex/translator/translator-theorem-dictionary-English.dict
Dictionary: translator-theorem-dictionary, Language: English 
)
LaTeX Info: Redefining \microtypecontext on input line 41.
Package microtype Info: Applying patch `item' on input line 41.
Package microtype Info: Applying patch `toc' on input line 41.
Package microtype Info: Applying patch `eqnum' on input line 41.
Package microtype Info: Applying patch `footnote' on input line 41.
Package microtype Info: Applying patch `verbatim' on input line 41.
LaTeX Info: Redefining \microtypesetup on input line 41.
Package microtype Info: Generating PDF output.
Package microtype Info: Character protrusion enabled (level 2).
Package microtype Info: Using default protrusion set `alltext'.
Package microtype Info: Automatic font expansion enabled (level 2),
(microtype)             stretch: 20, shrink: 20, step: 1, non-selected.
Package microtype Info: Using default expansion set `alltext-nott'.
Package microtype Info: Patching command `\showhyphens'.
Package microtype Info: No adjustment of tracking.
Package microtype Info: No adjustment of interword spacing.
Package microtype Info: No adjustment of character kerning.
Package microtype Info: Loading generic protrusion settings for font family
(microtype)             `cmss' (encoding: T1).
(microtype)             For optimal results, create family-specific settings.
(microtype)             See the microtype manual for details.
 (./main.nav) (/usr/local/texlive/2025/texmf-dist/tex/latex/microtype/mt-cmr.cfg
File: mt-cmr.cfg 2013/05/19 v2.2 microtype config. file: Computer Modern Roman (RS)
)
LaTeX Font Info:    Trying to load font information for U+msa on input line 68.
 (/usr/local/texlive/2025/texmf-dist/tex/latex/amsfonts/umsa.fd
File: umsa.fd 2013/01/14 v3.01 AMS symbols A
) (/usr/local/texlive/2025/texmf-dist/tex/latex/microtype/mt-msa.cfg
File: mt-msa.cfg 2006/02/04 v1.1 microtype config. file: AMS symbols (a) (RS)
)
LaTeX Font Info:    Trying to load font information for U+msb on input line 68.
 (/usr/local/texlive/2025/texmf-dist/tex/latex/amsfonts/umsb.fd
File: umsb.fd 2013/01/14 v3.01 AMS symbols B
) (/usr/local/texlive/2025/texmf-dist/tex/latex/microtype/mt-msb.cfg
File: mt-msb.cfg 2005/06/01 v1.0 microtype config. file: AMS symbols (b) (RS)
)

[1

{/usr/local/texlive/2025/texmf-var/fonts/map/pdftex/updmap/pdftex.map}{/usr/local/texlive/2025/texmf-dist/fonts/enc/dvips/cm-super/cm-super-t1.enc}]
<assets/wire_harness.jpg, id=26, 803.0pt x 534.99875pt>
File: assets/wire_harness.jpg Graphic file (type jpg)
<use assets/wire_harness.jpg>
Package pdftex.def Info: assets/wire_harness.jpg  used on input line 108.
(pdftex.def)             Requested size: 96.08627pt x 64.01747pt.
<assets/surgical_threads.png, id=27, 494.59781pt x 233.37187pt>
File: assets/surgical_threads.png Graphic file (type png)
<use assets/surgical_threads.png>
Package pdftex.def Info: assets/surgical_threads.png  used on input line 108.
(pdftex.def)             Requested size: 123.6114pt x 58.32501pt.


[2

 <./assets/wire_harness.jpg> <./assets/surgical_threads.png>]
Underfull \hbox (badness 1803) in paragraph at lines 146--146
[]|\T1/cmss/bx/n/9 (+20) Model-free con-
 []


Underfull \hbox (badness 1122) in paragraph at lines 146--146
[]|\T1/cmss/bx/n/9 (+20) Existing rout-ing
 []



[3

]

[4

]

[5

]
<assets/vfps-steps.png, id=58, 737.75626pt x 852.18375pt>
File: assets/vfps-steps.png Graphic file (type png)
<use assets/vfps-steps.png>
Package pdftex.def Info: assets/vfps-steps.png  used on input line 305.
(pdftex.def)             Requested size: 87.43497pt x 100.9963pt.

Overfull \hbox (21.16368pt too wide) detected at line 305
[][][][][][][][][][][] [][][][][][][]
 []

<assets/vfps_pipeline.png, id=59, 1776.6375pt x 864.22874pt>
File: assets/vfps_pipeline.png Graphic file (type png)
<use assets/vfps_pipeline.png>
Package pdftex.def Info: assets/vfps_pipeline.png  used on input line 305.
(pdftex.def)             Requested size: 210.5577pt x 102.42383pt.

Overfull \vbox (1.89612pt too high) detected at line 305
 []



[6

 <./assets/vfps-steps.png> <./assets/vfps_pipeline.png>]
<assets/ali_geometry.png, id=67, 740.7675pt x 548.0475pt>
File: assets/ali_geometry.png Graphic file (type png)
<use assets/ali_geometry.png>
Package pdftex.def Info: assets/ali_geometry.png  used on input line 405.
(pdftex.def)             Requested size: 156.63956pt x 115.8878pt.


[7

 <./assets/ali_geometry.png>]
<assets/rigidity_geometry.png, id=82, 436.63126pt x 434.62375pt>
File: assets/rigidity_geometry.png Graphic file (type png)
<use assets/rigidity_geometry.png>
Package pdftex.def Info: assets/rigidity_geometry.png  used on input line 447.
(pdftex.def)             Requested size: 96.61215pt x 96.16795pt.


[8

 <./assets/rigidity_geometry.png>]

[9

]
<../thesis_phd_math/images/ch3/c1.png, id=96, 421.575pt x 316.18124pt>
File: ../thesis_phd_math/images/ch3/c1.png Graphic file (type png)
<use ../thesis_phd_math/images/ch3/c1.png>
Package pdftex.def Info: ../thesis_phd_math/images/ch3/c1.png  used on input line 549.
(pdftex.def)             Requested size: 83.45795pt x 62.59346pt.
<../thesis_phd_math/images/ch3/c2.png, id=97, 421.575pt x 316.18124pt>
File: ../thesis_phd_math/images/ch3/c2.png Graphic file (type png)
<use ../thesis_phd_math/images/ch3/c2.png>
Package pdftex.def Info: ../thesis_phd_math/images/ch3/c2.png  used on input line 549.
(pdftex.def)             Requested size: 83.45795pt x 62.59346pt.
<../thesis_phd_math/images/ch3/c3.png, id=98, 421.575pt x 316.18124pt>
File: ../thesis_phd_math/images/ch3/c3.png Graphic file (type png)
<use ../thesis_phd_math/images/ch3/c3.png>
Package pdftex.def Info: ../thesis_phd_math/images/ch3/c3.png  used on input line 549.
(pdftex.def)             Requested size: 83.45795pt x 62.59346pt.
<../thesis_phd_math/images/ch3/c4.png, id=99, 421.575pt x 316.18124pt>
File: ../thesis_phd_math/images/ch3/c4.png Graphic file (type png)
<use ../thesis_phd_math/images/ch3/c4.png>
Package pdftex.def Info: ../thesis_phd_math/images/ch3/c4.png  used on input line 549.
(pdftex.def)             Requested size: 83.45795pt x 62.59346pt.


[10

 <../thesis_phd_math/images/ch3/c1.png (PNG copy)> <../thesis_phd_math/images/ch3/c2.png (PNG copy)> <../thesis_phd_math/images/ch3/c3.png (PNG copy)> <../thesis_phd_math/images/ch3/c4.png (PNG copy)>]
<../thesis_phd_math/images/ch3/f1_035.png, id=109, 421.575pt x 316.18124pt>
File: ../thesis_phd_math/images/ch3/f1_035.png Graphic file (type png)
<use ../thesis_phd_math/images/ch3/f1_035.png>
Package pdftex.def Info: ../thesis_phd_math/images/ch3/f1_035.png  used on input line 582.
(pdftex.def)             Requested size: 91.8076pt x 68.8557pt.
<../thesis_phd_math/images/ch3/f2_035.png, id=110, 421.575pt x 316.18124pt>
File: ../thesis_phd_math/images/ch3/f2_035.png Graphic file (type png)
<use ../thesis_phd_math/images/ch3/f2_035.png>
Package pdftex.def Info: ../thesis_phd_math/images/ch3/f2_035.png  used on input line 582.
(pdftex.def)             Requested size: 91.8076pt x 68.8557pt.
<../thesis_phd_math/images/ch3/f3_035.png, id=111, 421.575pt x 316.18124pt>
File: ../thesis_phd_math/images/ch3/f3_035.png Graphic file (type png)
<use ../thesis_phd_math/images/ch3/f3_035.png>
Package pdftex.def Info: ../thesis_phd_math/images/ch3/f3_035.png  used on input line 582.
(pdftex.def)             Requested size: 91.8076pt x 68.8557pt.
<../thesis_phd_math/images/ch3/f4_035.png, id=112, 421.575pt x 316.18124pt>
File: ../thesis_phd_math/images/ch3/f4_035.png Graphic file (type png)
<use ../thesis_phd_math/images/ch3/f4_035.png>
Package pdftex.def Info: ../thesis_phd_math/images/ch3/f4_035.png  used on input line 582.
(pdftex.def)             Requested size: 91.8076pt x 68.8557pt.


[11

 <../thesis_phd_math/images/ch3/f1_035.png (PNG copy)> <../thesis_phd_math/images/ch3/f2_035.png (PNG copy)> <../thesis_phd_math/images/ch3/f3_035.png (PNG copy)> <../thesis_phd_math/images/ch3/f4_035.png (PNG copy)>]
<../thesis_phd_math/images/ch3/lambda_error.png, id=119, 421.575pt x 316.18124pt>
File: ../thesis_phd_math/images/ch3/lambda_error.png Graphic file (type png)
<use ../thesis_phd_math/images/ch3/lambda_error.png>
Package pdftex.def Info: ../thesis_phd_math/images/ch3/lambda_error.png  used on input line 608.
(pdftex.def)             Requested size: 163.8861pt x 122.91457pt.
<../thesis_phd_math/images/ch3/lambda_iter.png, id=120, 429.10312pt x 310.91156pt>
File: ../thesis_phd_math/images/ch3/lambda_iter.png Graphic file (type png)
<use ../thesis_phd_math/images/ch3/lambda_iter.png>
Package pdftex.def Info: ../thesis_phd_math/images/ch3/lambda_iter.png  used on input line 608.
(pdftex.def)             Requested size: 169.64119pt x 122.91545pt.


[12

 <../thesis_phd_math/images/ch3/lambda_error.png (PNG copy)> <../thesis_phd_math/images/ch3/lambda_iter.png (PNG copy)>]
<assets/kuka_setup.jpg, id=126, 1284.8pt x 578.16pt>
File: assets/kuka_setup.jpg Graphic file (type jpg)
<use assets/kuka_setup.jpg>
Package pdftex.def Info: assets/kuka_setup.jpg  used on input line 637.
(pdftex.def)             Requested size: 273.12912pt x 122.9081pt.


[13

 <./assets/kuka_setup.jpg>]
<../thesis_phd_math/images/ch3/U1f_c.png, id=134, 609.27625pt x 231.86626pt>
File: ../thesis_phd_math/images/ch3/U1f_c.png Graphic file (type png)
<use ../thesis_phd_math/images/ch3/U1f_c.png>
Package pdftex.def Info: ../thesis_phd_math/images/ch3/U1f_c.png  used on input line 673.
(pdftex.def)             Requested size: 95.25496pt x 36.25023pt.
<../thesis_phd_math/images/ch3/L1f_c.png, id=135, 599.23875pt x 227.85126pt>
File: ../thesis_phd_math/images/ch3/L1f_c.png Graphic file (type png)
<use ../thesis_phd_math/images/ch3/L1f_c.png>
Package pdftex.def Info: ../thesis_phd_math/images/ch3/L1f_c.png  used on input line 673.
(pdftex.def)             Requested size: 95.25839pt x 36.22052pt.
<../thesis_phd_math/images/ch3/S1f_c.png, id=136, 595.22375pt x 225.84375pt>
File: ../thesis_phd_math/images/ch3/S1f_c.png Graphic file (type png)
<use ../thesis_phd_math/images/ch3/S1f_c.png>
Package pdftex.def Info: ../thesis_phd_math/images/ch3/S1f_c.png  used on input line 673.
(pdftex.def)             Requested size: 95.2559pt x 36.14262pt.
<../thesis_phd_math/images/ch3/M1f_c.png, id=137, 599.23875pt x 227.85126pt>
File: ../thesis_phd_math/images/ch3/M1f_c.png Graphic file (type png)
<use ../thesis_phd_math/images/ch3/M1f_c.png>
Package pdftex.def Info: ../thesis_phd_math/images/ch3/M1f_c.png  used on input line 673.
(pdftex.def)             Requested size: 95.25839pt x 36.22052pt.


[14

 <../thesis_phd_math/images/ch3/U1f_c.png> <../thesis_phd_math/images/ch3/L1f_c.png> <../thesis_phd_math/images/ch3/S1f_c.png> <../thesis_phd_math/images/ch3/M1f_c.png>]
<../thesis_phd_math/images/ch3/conc_1inter_c.png, id=143, 597.23125pt x 229.85875pt>
File: ../thesis_phd_math/images/ch3/conc_1inter_c.png Graphic file (type png)
<use ../thesis_phd_math/images/ch3/conc_1inter_c.png>
Package pdftex.def Info: ../thesis_phd_math/images/ch3/conc_1inter_c.png  used on input line 705.
(pdftex.def)             Requested size: 95.25821pt x 36.6624pt.
<../thesis_phd_math/images/ch3/conc_2inter_c.png, id=144, 607.26875pt x 233.87375pt>
File: ../thesis_phd_math/images/ch3/conc_2inter_c.png Graphic file (type png)
<use ../thesis_phd_math/images/ch3/conc_2inter_c.png>
Package pdftex.def Info: ../thesis_phd_math/images/ch3/conc_2inter_c.png  used on input line 705.
(pdftex.def)             Requested size: 95.25615pt x 36.68542pt.
<../thesis_phd_math/images/ch3/conc_3inter_c.png, id=145, 597.23125pt x 229.85875pt>
File: ../thesis_phd_math/images/ch3/conc_3inter_c.png Graphic file (type png)
<use ../thesis_phd_math/images/ch3/conc_3inter_c.png>
Package pdftex.def Info: ../thesis_phd_math/images/ch3/conc_3inter_c.png  used on input line 705.
(pdftex.def)             Requested size: 95.25821pt x 36.6624pt.
<../thesis_phd_math/images/ch3/conc_4inter_c.png, id=146, 601.24625pt x 231.86626pt>
File: ../thesis_phd_math/images/ch3/conc_4inter_c.png Graphic file (type png)
<use ../thesis_phd_math/images/ch3/conc_4inter_c.png>
Package pdftex.def Info: ../thesis_phd_math/images/ch3/conc_4inter_c.png  used on input line 705.
(pdftex.def)             Requested size: 95.25641pt x 36.73494pt.


[15

 <../thesis_phd_math/images/ch3/conc_1inter_c.png> <../thesis_phd_math/images/ch3/conc_2inter_c.png> <../thesis_phd_math/images/ch3/conc_3inter_c.png> <../thesis_phd_math/images/ch3/conc_4inter_c.png>]
<assets/gcr_problem.png, id=156, 722.7pt x 433.62pt>
File: assets/gcr_problem.png Graphic file (type png)
<use assets/gcr_problem.png>
Package pdftex.def Info: assets/gcr_problem.png  used on input line 746.
(pdftex.def)             Requested size: 203.90948pt x 122.34569pt.


[16

 <./assets/gcr_problem.png>]
<assets/gcr_raw.pdf, id=165, 572.13701pt x 370.61958pt>
File: assets/gcr_raw.pdf Graphic file (type pdf)
<use assets/gcr_raw.pdf>
Package pdftex.def Info: assets/gcr_raw.pdf  used on input line 786.
(pdftex.def)             Requested size: 116.38963pt x 75.39502pt.
<assets/gcr_apf.pdf, id=166, 572.13701pt x 370.61958pt>
File: assets/gcr_apf.pdf Graphic file (type pdf)
<use assets/gcr_apf.pdf>
Package pdftex.def Info: assets/gcr_apf.pdf  used on input line 786.
(pdftex.def)             Requested size: 116.38963pt x 75.39502pt.
<assets/gcr_relax.pdf, id=167, 572.13701pt x 370.61958pt>
File: assets/gcr_relax.pdf Graphic file (type pdf)
<use assets/gcr_relax.pdf>
Package pdftex.def Info: assets/gcr_relax.pdf  used on input line 786.
(pdftex.def)             Requested size: 116.38963pt x 75.39502pt.


[17

 <./assets/gcr_raw.pdf> <./assets/gcr_apf.pdf> <./assets/gcr_relax.pdf>]
<assets/transition_free.pdf, id=324, 601.045pt x 388.72084pt>
File: assets/transition_free.pdf Graphic file (type pdf)
<use assets/transition_free.pdf>
Package pdftex.def Info: assets/transition_free.pdf  used on input line 830.
(pdftex.def)             Requested size: 126.70007pt x 81.94221pt.
<assets/transition_blocked.pdf, id=325, 601.045pt x 388.72084pt>
File: assets/transition_blocked.pdf Graphic file (type pdf)
<use assets/transition_blocked.pdf>
Package pdftex.def Info: assets/transition_blocked.pdf  used on input line 830.
(pdftex.def)             Requested size: 126.70007pt x 81.94221pt.


[18

 <./assets/transition_free.pdf> <./assets/transition_blocked.pdf>]
<assets/route_arc.pdf, id=449, 619.85698pt x 402.09622pt>
File: assets/route_arc.pdf Graphic file (type pdf)
<use assets/route_arc.pdf>
Package pdftex.def Info: assets/route_arc.pdf  used on input line 852.
(pdftex.def)             Requested size: 105.26079pt x 68.28181pt.
<assets/route_gate.pdf, id=450, 619.85698pt x 402.09622pt>
File: assets/route_gate.pdf Graphic file (type pdf)
<use assets/route_gate.pdf>
Package pdftex.def Info: assets/route_gate.pdf  used on input line 852.
(pdftex.def)             Requested size: 105.26079pt x 68.28181pt.
<assets/route_trap.pdf, id=451, 619.85698pt x 402.09622pt>
File: assets/route_trap.pdf Graphic file (type pdf)
<use assets/route_trap.pdf>
Package pdftex.def Info: assets/route_trap.pdf  used on input line 852.
(pdftex.def)             Requested size: 105.26079pt x 68.28181pt.
<assets/route_corridor.pdf, id=452, 619.85698pt x 402.09622pt>
File: assets/route_corridor.pdf Graphic file (type pdf)
<use assets/route_corridor.pdf>
Package pdftex.def Info: assets/route_corridor.pdf  used on input line 852.
(pdftex.def)             Requested size: 105.26079pt x 68.28181pt.


[19

 <./assets/route_arc.pdf> <./assets/route_gate.pdf> <./assets/route_trap.pdf> <./assets/route_corridor.pdf>]

[20

]
<assets/mujoco_setup.pdf, id=583, 870.1308pt x 498.54214pt>
File: assets/mujoco_setup.pdf Graphic file (type pdf)
<use assets/mujoco_setup.pdf>
Package pdftex.def Info: assets/mujoco_setup.pdf  used on input line 949.
(pdftex.def)             Requested size: 106.76123pt x 61.16893pt.
<assets/mujoco_s1_start.pdf, id=584, 462.52798pt x 260.17201pt>
File: assets/mujoco_s1_start.pdf Graphic file (type pdf)
<use assets/mujoco_s1_start.pdf>
Package pdftex.def Info: assets/mujoco_s1_start.pdf  used on input line 949.
(pdftex.def)             Requested size: 36.57248pt x 20.572pt.
<assets/mujoco_s1_33.pdf, id=585, 462.52798pt x 260.17201pt>
File: assets/mujoco_s1_33.pdf Graphic file (type pdf)
<use assets/mujoco_s1_33.pdf>
Package pdftex.def Info: assets/mujoco_s1_33.pdf  used on input line 949.
(pdftex.def)             Requested size: 36.57248pt x 20.572pt.
<assets/mujoco_s1_67.pdf, id=586, 462.52798pt x 260.17201pt>
File: assets/mujoco_s1_67.pdf Graphic file (type pdf)
<use assets/mujoco_s1_67.pdf>
Package pdftex.def Info: assets/mujoco_s1_67.pdf  used on input line 949.
(pdftex.def)             Requested size: 36.57248pt x 20.572pt.
<assets/mujoco_s1_end.pdf, id=587, 462.52798pt x 260.17201pt>
File: assets/mujoco_s1_end.pdf Graphic file (type pdf)
<use assets/mujoco_s1_end.pdf>
Package pdftex.def Info: assets/mujoco_s1_end.pdf  used on input line 949.
(pdftex.def)             Requested size: 36.57248pt x 20.572pt.


[21

 <./assets/mujoco_setup.pdf> <./assets/mujoco_s1_start.pdf> <./assets/mujoco_s1_33.pdf> <./assets/mujoco_s1_67.pdf> <./assets/mujoco_s1_end.pdf>]

[22

]

[23

]
Package microtype Info: Loading generic protrusion settings for font family
(microtype)             `cmtt' (encoding: T1).
(microtype)             For optimal results, create family-specific settings.
(microtype)             See the microtype manual for details.


[24

]

Package hyperref Warning: Token not allowed in a PDF string (Unicode):
(hyperref)                removing `\translate ' on input line 1059.



[25

]

[26

]
Package microtype Info: Loading generic protrusion settings for font family
(microtype)             `cmss' (encoding: OT1).
(microtype)             For optimal results, create family-specific settings.
(microtype)             See the microtype manual for details.


[27

]
<../thesis_phd_math/images/ch3/U1e.png, id=670, 451.6875pt x 376.40625pt>
File: ../thesis_phd_math/images/ch3/U1e.png Graphic file (type png)
<use ../thesis_phd_math/images/ch3/U1e.png>
Package pdftex.def Info: ../thesis_phd_math/images/ch3/U1e.png  used on input line 1146.
(pdftex.def)             Requested size: 80.23195pt x 66.85995pt.
<../thesis_phd_math/images/ch3/L1e.png, id=671, 451.6875pt x 376.40625pt>
File: ../thesis_phd_math/images/ch3/L1e.png Graphic file (type png)
<use ../thesis_phd_math/images/ch3/L1e.png>
Package pdftex.def Info: ../thesis_phd_math/images/ch3/L1e.png  used on input line 1146.
(pdftex.def)             Requested size: 80.23195pt x 66.85995pt.
<../thesis_phd_math/images/ch3/S1e.png, id=672, 451.6875pt x 376.40625pt>
File: ../thesis_phd_math/images/ch3/S1e.png Graphic file (type png)
<use ../thesis_phd_math/images/ch3/S1e.png>
Package pdftex.def Info: ../thesis_phd_math/images/ch3/S1e.png  used on input line 1146.
(pdftex.def)             Requested size: 80.23195pt x 66.85995pt.
<../thesis_phd_math/images/ch3/M1e.png, id=673, 451.6875pt x 376.40625pt>
File: ../thesis_phd_math/images/ch3/M1e.png Graphic file (type png)
<use ../thesis_phd_math/images/ch3/M1e.png>
Package pdftex.def Info: ../thesis_phd_math/images/ch3/M1e.png  used on input line 1146.
(pdftex.def)             Requested size: 80.23195pt x 66.85995pt.


[28

 <../thesis_phd_math/images/ch3/U1e.png (PNG copy)> <../thesis_phd_math/images/ch3/L1e.png (PNG copy)> <../thesis_phd_math/images/ch3/S1e.png (PNG copy)> <../thesis_phd_math/images/ch3/M1e.png (PNG copy)>]

[29

]

[30

]
<../thesis_phd_math/images/ch3/conc_1f_c.png, id=689, 611.28375pt x 231.86626pt>
File: ../thesis_phd_math/images/ch3/conc_1f_c.png Graphic file (type png)
<use ../thesis_phd_math/images/ch3/conc_1f_c.png>
Package pdftex.def Info: ../thesis_phd_math/images/ch3/conc_1f_c.png  used on input line 1212.
(pdftex.def)             Requested size: 171.0277pt x 64.87257pt.
<../thesis_phd_math/images/ch3/conc_2f_c.png, id=690, 605.26125pt x 229.85875pt>
File: ../thesis_phd_math/images/ch3/conc_2f_c.png Graphic file (type png)
<use ../thesis_phd_math/images/ch3/conc_2f_c.png>
Package pdftex.def Info: ../thesis_phd_math/images/ch3/conc_2f_c.png  used on input line 1212.
(pdftex.def)             Requested size: 170.82037pt x 64.87207pt.
<../thesis_phd_math/images/ch3/conc_3f_c.png, id=691, 595.22375pt x 225.84375pt>
File: ../thesis_phd_math/images/ch3/conc_3f_c.png Graphic file (type png)
<use ../thesis_phd_math/images/ch3/conc_3f_c.png>
Package pdftex.def Info: ../thesis_phd_math/images/ch3/conc_3f_c.png  used on input line 1212.
(pdftex.def)             Requested size: 170.97563pt x 64.8727pt.
<../thesis_phd_math/images/ch3/conc_4f_c.png, id=692, 595.22375pt x 225.84375pt>
File: ../thesis_phd_math/images/ch3/conc_4f_c.png Graphic file (type png)
<use ../thesis_phd_math/images/ch3/conc_4f_c.png>
Package pdftex.def Info: ../thesis_phd_math/images/ch3/conc_4f_c.png  used on input line 1212.
(pdftex.def)             Requested size: 170.97563pt x 64.8727pt.


[31

 <../thesis_phd_math/images/ch3/conc_1f_c.png> <../thesis_phd_math/images/ch3/conc_2f_c.png> <../thesis_phd_math/images/ch3/conc_3f_c.png> <../thesis_phd_math/images/ch3/conc_4f_c.png>]
\tf@nav=\write6
\openout6 = `main.nav'.

\tf@toc=\write7
\openout7 = `main.toc'.

\tf@snm=\write8
\openout8 = `main.snm'.

 (./main.aux)
 ***********
LaTeX2e <2025-06-01> patch level 1
L3 programming layer <2025-08-13>
 ***********


LaTeX Font Warning: Size substitutions with differences
(Font)              up to 1.35pt have occurred.

Package rerunfilecheck Info: File `main.out' has not changed.
(rerunfilecheck)             Checksum: 5BCEA9CF7D2D9AECE7CAC4018E9F6C5B;81.
 ) 
Here is how much of TeX's memory you used:
 25876 strings out of 467800
 494098 string characters out of 5431889
 913677 words of memory out of 5000000
 53707 multiletter control sequences out of 15000+600000
 670599 words of font info for 237 fonts, out of 8000000 for 9000
 1141 hyphenation exceptions out of 8191
 128i,14n,123p,1043b,738s stack positions out of 10000i,1000n,20000p,200000b,200000s
</usr/local/texlive/2025/texmf-dist/fonts/type1/public/amsfonts/cm/cmbx8.pfb></usr/local/texlive/2025/texmf-dist/fonts/type1/public/amsfonts/cmextra/cmex9.pfb></usr/local/texlive/2025/texmf-dist/fonts/type1/public/amsfonts/cm/cmmi12.pfb></usr/local/texlive/2025/texmf-dist/fonts/type1/public/amsfonts/cm/cmmi6.pfb></usr/local/texlive/2025/texmf-dist/fonts/type1/public/amsfonts/cm/cmmi7.pfb></usr/local/texlive/2025/texmf-dist/fonts/type1/public/amsfonts/cm/cmmi8.pfb></usr/local/texlive/2025/texmf-dist/fonts/type1/public/amsfonts/cm/cmmi9.pfb></usr/local/texlive/2025/texmf-dist/fonts/type1/public/amsfonts/cmextra/cmmib6.pfb></usr/local/texlive/2025/texmf-dist/fonts/type1/public/amsfonts/cmextra/cmmib9.pfb></usr/local/texlive/2025/texmf-dist/fonts/type1/public/amsfonts/cm/cmr5.pfb></usr/local/texlive/2025/texmf-dist/fonts/type1/public/amsfonts/cm/cmr6.pfb></usr/local/texlive/2025/texmf-dist/fonts/type1/public/amsfonts/cm/cmr7.pfb></usr/local/texlive/2025/texmf-dist/fonts/type1/public/amsfonts/cm/cmr8.pfb></usr/local/texlive/2025/texmf-dist/fonts/type1/public/amsfonts/cm/cmr9.pfb></usr/local/texlive/2025/texmf-dist/fonts/type1/public/amsfonts/cm/cmss8.pfb></usr/local/texlive/2025/texmf-dist/fonts/type1/public/amsfonts/cm/cmsy6.pfb></usr/local/texlive/2025/texmf-dist/fonts/type1/public/amsfonts/cm/cmsy7.pfb></usr/local/texlive/2025/texmf-dist/fonts/type1/public/amsfonts/cm/cmsy8.pfb></usr/local/texlive/2025/texmf-dist/fonts/type1/public/amsfonts/cm/cmsy9.pfb></usr/local/texlive/2025/texmf-dist/fonts/type1/public/amsfonts/symbols/msbm10.pfb></usr/local/texlive/2025/texmf-dist/fonts/type1/public/cm-super/sfsi0800.pfb></usr/local/texlive/2025/texmf-dist/fonts/type1/public/cm-super/sfss0700.pfb></usr/local/texlive/2025/texmf-dist/fonts/type1/public/cm-super/sfss0800.pfb></usr/local/texlive/2025/texmf-dist/fonts/type1/public/cm-super/sfss0900.pfb></usr/local/texlive/2025/texmf-dist/fonts/type1/public/cm-super/sfss1000.pfb></usr/local/texlive/2025/texmf-dist/fonts/type1/public/cm-super/sfss1200.pfb></usr/local/texlive/2025/texmf-dist/fonts/type1/public/cm-super/sfss1440.pfb></usr/local/texlive/2025/texmf-dist/fonts/type1/public/cm-super/sfsx0700.pfb></usr/local/texlive/2025/texmf-dist/fonts/type1/public/cm-super/sfsx0800.pfb></usr/local/texlive/2025/texmf-dist/fonts/type1/public/cm-super/sfsx0900.pfb></usr/local/texlive/2025/texmf-dist/fonts/type1/public/cm-super/sfsx1000.pfb></usr/local/texlive/2025/texmf-dist/fonts/type1/public/cm-super/sfsx1728.pfb></usr/local/texlive/2025/texmf-dist/fonts/type1/public/cm-super/sfsx2488.pfb></usr/local/texlive/2025/texmf-dist/fonts/type1/public/cm-super/sftt0900.pfb>
Output written on main.pdf (31 pages, 4298737 bytes).
PDF statistics:
 856 PDF objects out of 1000 (max. 8388607)
 360 compressed objects within 4 object streams
 64 named destinations out of 1000 (max. 500000)
 97059 words of extra memory for PDF output out of 106986 (max. 10000000)

