This is pdfTeX, Version 3.141592653-2.6-1.40.25 (TeX Live 2023) (preloaded format=pdflatex 2024.2.14)  11 AUG 2026 18:14
entering extended mode
 restricted \write18 enabled.
 file:line:error style messages enabled.
 %&-line parsing enabled.
**/home/karam/Desktop/phd/defense_presentation/main2.tex
(/home/karam/Desktop/phd/defense_presentation/main2.tex
LaTeX2e <2023-11-01> patch level 1
L3 programming layer <2024-01-22>
(/usr/local/texlive/2023/texmf-dist/tex/latex/beamer/beamer.cls
Document Class: beamer 2024/01/06 v3.71 A class for typesetting presentations
(/usr/local/texlive/2023/texmf-dist/tex/latex/beamer/beamerbasemodes.sty (/usr/local/texlive/2023/texmf-dist/tex/latex/etoolbox/etoolbox.sty
Package: etoolbox 2020/10/05 v2.5k e-TeX tools for LaTeX (JAW)
\etb@tempcnta=\count187
)
\beamer@tempbox=\box51
\beamer@tempcount=\count188
\c@beamerpauses=\count189
 (/usr/local/texlive/2023/texmf-dist/tex/latex/beamer/beamerbasedecode.sty
\beamer@slideinframe=\count190
\beamer@minimum=\count191
\beamer@decode@box=\box52
)
\beamer@commentbox=\box53
\beamer@modecount=\count192
) (/usr/local/texlive/2023/texmf-dist/tex/generic/iftex/iftex.sty
Package: iftex 2022/02/03 v1.0f TeX engine tests
)
\headdp=\dimen140
\footheight=\dimen141
\sidebarheight=\dimen142
\beamer@tempdim=\dimen143
\beamer@finalheight=\dimen144
\beamer@animht=\dimen145
\beamer@animdp=\dimen146
\beamer@animwd=\dimen147
\beamer@leftmargin=\dimen148
\beamer@rightmargin=\dimen149
\beamer@leftsidebar=\dimen150
\beamer@rightsidebar=\dimen151
\beamer@boxsize=\dimen152
\beamer@vboxoffset=\dimen153
\beamer@descdefault=\dimen154
\beamer@descriptionwidth=\dimen155
\beamer@lastskip=\skip48
\beamer@areabox=\box54
\beamer@animcurrent=\box55
\beamer@animshowbox=\box56
\beamer@sectionbox=\box57
\beamer@logobox=\box58
\beamer@linebox=\box59
\beamer@sectioncount=\count193
\beamer@subsubsectionmax=\count194
\beamer@subsectionmax=\count195
\beamer@sectionmax=\count196
\beamer@totalheads=\count197
\beamer@headcounter=\count198
\beamer@partstartpage=\count199
\beamer@sectionstartpage=\count266
\beamer@subsectionstartpage=\count267
\beamer@animationtempa=\count268
\beamer@animationtempb=\count269
\beamer@xpos=\count270
\beamer@ypos=\count271
\beamer@ypos@offset=\count272
\beamer@showpartnumber=\count273
\beamer@currentsubsection=\count274
\beamer@coveringdepth=\count275
\beamer@sectionadjust=\count276
\beamer@toclastsection=\count277
\beamer@tocsectionnumber=\count278
 (/usr/local/texlive/2023/texmf-dist/tex/latex/beamer/beamerbaseoptions.sty (/usr/local/texlive/2023/texmf-dist/tex/latex/graphics/keyval.sty
Package: keyval 2022/05/29 v1.15 key=value parser (DPC)
\KV@toks@=\toks17
))
\beamer@paperwidth=\skip49
\beamer@paperheight=\skip50
 (/usr/local/texlive/2023/texmf-dist/tex/latex/geometry/geometry.sty
Package: geometry 2020/01/02 v5.9 Page Geometry
 (/usr/local/texlive/2023/texmf-dist/tex/generic/iftex/ifvtex.sty
Package: ifvtex 2019/10/25 v1.7 ifvtex legacy package. Use iftex instead.
)
\Gm@cnth=\count279
\Gm@cntv=\count280
\c@Gm@tempcnt=\count281
\Gm@bindingoffset=\dimen156
\Gm@wd@mp=\dimen157
\Gm@odd@mp=\dimen158
\Gm@even@mp=\dimen159
\Gm@layoutwidth=\dimen160
\Gm@layoutheight=\dimen161
\Gm@layouthoffset=\dimen162
\Gm@layoutvoffset=\dimen163
\Gm@dimlist=\toks18
) (/usr/local/texlive/2023/texmf-dist/tex/latex/pgf/math/pgfmath.sty (/usr/local/texlive/2023/texmf-dist/tex/latex/pgf/utilities/pgfrcs.sty (/usr/local/texlive/2023/texmf-dist/tex/generic/pgf/utilities/pgfutil-common.tex
\pgfutil@everybye=\toks19
\pgfutil@tempdima=\dimen164
\pgfutil@tempdimb=\dimen165
) (/usr/local/texlive/2023/texmf-dist/tex/generic/pgf/utilities/pgfutil-latex.def
\pgfutil@abb=\box60
) (/usr/local/texlive/2023/texmf-dist/tex/generic/pgf/utilities/pgfrcs.code.tex (/usr/local/texlive/2023/texmf-dist/tex/generic/pgf/pgf.revision.tex)
Package: pgfrcs 2023-01-15 v3.1.10 (3.1.10)
)) (/usr/local/texlive/2023/texmf-dist/tex/latex/pgf/utilities/pgfkeys.sty (/usr/local/texlive/2023/texmf-dist/tex/generic/pgf/utilities/pgfkeys.code.tex
\pgfkeys@pathtoks=\toks20
\pgfkeys@temptoks=\toks21
 (/usr/local/texlive/2023/texmf-dist/tex/generic/pgf/utilities/pgfkeyslibraryfiltered.code.tex
\pgfkeys@tmptoks=\toks22
))) (/usr/local/texlive/2023/texmf-dist/tex/generic/pgf/math/pgfmath.code.tex (/usr/local/texlive/2023/texmf-dist/tex/generic/pgf/math/pgfmathutil.code.tex
\pgf@x=\dimen166
\pgf@xa=\dimen167
\pgf@xb=\dimen168
\pgf@xc=\dimen169
\pgf@y=\dimen170
\pgf@ya=\dimen171
\pgf@yb=\dimen172
\pgf@yc=\dimen173
\c@pgf@counta=\count282
\c@pgf@countb=\count283
\c@pgf@countc=\count284
\c@pgf@countd=\count285
) (/usr/local/texlive/2023/texmf-dist/tex/generic/pgf/math/pgfmathparser.code.tex
\pgfmath@dimen=\dimen174
\pgfmath@count=\count286
\pgfmath@box=\box61
\pgfmath@toks=\toks23
\pgfmath@stack@operand=\toks24
\pgfmath@stack@operation=\toks25
) (/usr/local/texlive/2023/texmf-dist/tex/generic/pgf/math/pgfmathfunctions.code.tex) (/usr/local/texlive/2023/texmf-dist/tex/generic/pgf/math/pgfmathfunctions.basic.code.tex) (/usr/local/texlive/2023/texmf-dist/tex/generic/pgf/math/pgfmathfunctions.trigonometric.code.tex) (/usr/local/texlive/2023/texmf-dist/tex/generic/pgf/math/pgfmathfunctions.random.code.tex) (/usr/local/texlive/2023/texmf-dist/tex/generic/pgf/math/pgfmathfunctions.comparison.code.tex) (/usr/local/texlive/2023/texmf-dist/tex/generic/pgf/math/pgfmathfunctions.base.code.tex) (/usr/local/texlive/2023/texmf-dist/tex/generic/pgf/math/pgfmathfunctions.round.code.tex) (/usr/local/texlive/2023/texmf-dist/tex/generic/pgf/math/pgfmathfunctions.misc.code.tex) (/usr/local/texlive/2023/texmf-dist/tex/generic/pgf/math/pgfmathfunctions.integerarithmetics.code.tex) (/usr/local/texlive/2023/texmf-dist/tex/generic/pgf/math/pgfmathcalc.code.tex) (/usr/local/texlive/2023/texmf-dist/tex/generic/pgf/math/pgfmathfloat.code.tex
\c@pgfmathroundto@lastzeros=\count287
))) (/usr/local/texlive/2023/texmf-dist/tex/latex/base/size10.clo
File: size10.clo 2023/05/17 v1.4n Standard LaTeX file (size option)
) (/usr/local/texlive/2023/texmf-dist/tex/latex/pgf/basiclayer/pgfcore.sty (/usr/local/texlive/2023/texmf-dist/tex/latex/graphics/graphicx.sty
Package: graphicx 2021/09/16 v1.2d Enhanced LaTeX Graphics (DPC,SPQR)
 (/usr/local/texlive/2023/texmf-dist/tex/latex/graphics/graphics.sty
Package: graphics 2022/03/10 v1.4e Standard LaTeX Graphics (DPC,SPQR)
 (/usr/local/texlive/2023/texmf-dist/tex/latex/graphics/trig.sty
Package: trig 2021/08/11 v1.11 sin cos tan (DPC)
) (/usr/local/texlive/2023/texmf-dist/tex/latex/graphics-cfg/graphics.cfg
File: graphics.cfg 2016/06/04 v1.11 sample graphics configuration
)
Package graphics Info: Driver file: pdftex.def on input line 107.
 (/usr/local/texlive/2023/texmf-dist/tex/latex/graphics-def/pdftex.def
File: pdftex.def 2022/09/22 v1.2b Graphics/color driver for pdftex
))
\Gin@req@height=\dimen175
\Gin@req@width=\dimen176
) (/usr/local/texlive/2023/texmf-dist/tex/latex/pgf/systemlayer/pgfsys.sty (/usr/local/texlive/2023/texmf-dist/tex/generic/pgf/systemlayer/pgfsys.code.tex
Package: pgfsys 2023-01-15 v3.1.10 (3.1.10)
\pgf@x=\dimen177
\pgf@y=\dimen178
\pgf@xa=\dimen179
\pgf@ya=\dimen180
\pgf@xb=\dimen181
\pgf@yb=\dimen182
\pgf@xc=\dimen183
\pgf@yc=\dimen184
\pgf@xd=\dimen185
\pgf@yd=\dimen186
\w@pgf@writea=\write3
\r@pgf@reada=\read2
\c@pgf@counta=\count288
\c@pgf@countb=\count289
\c@pgf@countc=\count290
\c@pgf@countd=\count291
\t@pgf@toka=\toks26
\t@pgf@tokb=\toks27
\t@pgf@tokc=\toks28
\pgf@sys@id@count=\count292
 (/usr/local/texlive/2023/texmf-dist/tex/generic/pgf/systemlayer/pgf.cfg
File: pgf.cfg 2023-01-15 v3.1.10 (3.1.10)
)
Driver file for pgf: pgfsys-pdftex.def
 (/usr/local/texlive/2023/texmf-dist/tex/generic/pgf/systemlayer/pgfsys-pdftex.def
File: pgfsys-pdftex.def 2023-01-15 v3.1.10 (3.1.10)
 (/usr/local/texlive/2023/texmf-dist/tex/generic/pgf/systemlayer/pgfsys-common-pdf.def
File: pgfsys-common-pdf.def 2023-01-15 v3.1.10 (3.1.10)
))) (/usr/local/texlive/2023/texmf-dist/tex/generic/pgf/systemlayer/pgfsyssoftpath.code.tex
File: pgfsyssoftpath.code.tex 2023-01-15 v3.1.10 (3.1.10)
\pgfsyssoftpath@smallbuffer@items=\count293
\pgfsyssoftpath@bigbuffer@items=\count294
) (/usr/local/texlive/2023/texmf-dist/tex/generic/pgf/systemlayer/pgfsysprotocol.code.tex
File: pgfsysprotocol.code.tex 2023-01-15 v3.1.10 (3.1.10)
)) (/usr/local/texlive/2023/texmf-dist/tex/latex/xcolor/xcolor.sty
Package: xcolor 2023/11/15 v3.01 LaTeX color extensions (UK)
 (/usr/local/texlive/2023/texmf-dist/tex/latex/graphics-cfg/color.cfg
File: color.cfg 2016/01/02 v1.6 sample color configuration
)
Package xcolor Info: Driver file: pdftex.def on input line 274.
 (/usr/local/texlive/2023/texmf-dist/tex/latex/graphics/mathcolor.ltx)
Package xcolor Info: Model `cmy' substituted by `cmy0' on input line 1350.
Package xcolor Info: Model `hsb' substituted by `rgb' on input line 1354.
Package xcolor Info: Model `RGB' extended on input line 1366.
Package xcolor Info: Model `HTML' substituted by `rgb' on input line 1368.
Package xcolor Info: Model `Hsb' substituted by `hsb' on input line 1369.
Package xcolor Info: Model `tHsb' substituted by `hsb' on input line 1370.
Package xcolor Info: Model `HSB' substituted by `hsb' on input line 1371.
Package xcolor Info: Model `Gray' substituted by `gray' on input line 1372.
Package xcolor Info: Model `wave' substituted by `hsb' on input line 1373.
) (/usr/local/texlive/2023/texmf-dist/tex/generic/pgf/basiclayer/pgfcore.code.tex
Package: pgfcore 2023-01-15 v3.1.10 (3.1.10)
 (/usr/local/texlive/2023/texmf-dist/tex/generic/pgf/math/pgfint.code.tex) (/usr/local/texlive/2023/texmf-dist/tex/generic/pgf/basiclayer/pgfcorepoints.code.tex
File: pgfcorepoints.code.tex 2023-01-15 v3.1.10 (3.1.10)
\pgf@picminx=\dimen187
\pgf@picmaxx=\dimen188
\pgf@picminy=\dimen189
\pgf@picmaxy=\dimen190
\pgf@pathminx=\dimen191
\pgf@pathmaxx=\dimen192
\pgf@pathminy=\dimen193
\pgf@pathmaxy=\dimen194
\pgf@xx=\dimen195
\pgf@xy=\dimen196
\pgf@yx=\dimen197
\pgf@yy=\dimen198
\pgf@zx=\dimen199
\pgf@zy=\dimen256
) (/usr/local/texlive/2023/texmf-dist/tex/generic/pgf/basiclayer/pgfcorepathconstruct.code.tex
File: pgfcorepathconstruct.code.tex 2023-01-15 v3.1.10 (3.1.10)
\pgf@path@lastx=\dimen257
\pgf@path@lasty=\dimen258
) (/usr/local/texlive/2023/texmf-dist/tex/generic/pgf/basiclayer/pgfcorepathusage.code.tex
File: pgfcorepathusage.code.tex 2023-01-15 v3.1.10 (3.1.10)
\pgf@shorten@end@additional=\dimen259
\pgf@shorten@start@additional=\dimen260
) (/usr/local/texlive/2023/texmf-dist/tex/generic/pgf/basiclayer/pgfcorescopes.code.tex
File: pgfcorescopes.code.tex 2023-01-15 v3.1.10 (3.1.10)
\pgfpic=\box62
\pgf@hbox=\box63
\pgf@layerbox@main=\box64
\pgf@picture@serial@count=\count295
) (/usr/local/texlive/2023/texmf-dist/tex/generic/pgf/basiclayer/pgfcoregraphicstate.code.tex
File: pgfcoregraphicstate.code.tex 2023-01-15 v3.1.10 (3.1.10)
\pgflinewidth=\dimen261
) (/usr/local/texlive/2023/texmf-dist/tex/generic/pgf/basiclayer/pgfcoretransformations.code.tex
File: pgfcoretransformations.code.tex 2023-01-15 v3.1.10 (3.1.10)
\pgf@pt@x=\dimen262
\pgf@pt@y=\dimen263
\pgf@pt@temp=\dimen264
) (/usr/local/texlive/2023/texmf-dist/tex/generic/pgf/basiclayer/pgfcorequick.code.tex
File: pgfcorequick.code.tex 2023-01-15 v3.1.10 (3.1.10)
) (/usr/local/texlive/2023/texmf-dist/tex/generic/pgf/basiclayer/pgfcoreobjects.code.tex
File: pgfcoreobjects.code.tex 2023-01-15 v3.1.10 (3.1.10)
) (/usr/local/texlive/2023/texmf-dist/tex/generic/pgf/basiclayer/pgfcorepathprocessing.code.tex
File: pgfcorepathprocessing.code.tex 2023-01-15 v3.1.10 (3.1.10)
) (/usr/local/texlive/2023/texmf-dist/tex/generic/pgf/basiclayer/pgfcorearrows.code.tex
File: pgfcorearrows.code.tex 2023-01-15 v3.1.10 (3.1.10)
\pgfarrowsep=\dimen265
) (/usr/local/texlive/2023/texmf-dist/tex/generic/pgf/basiclayer/pgfcoreshade.code.tex
File: pgfcoreshade.code.tex 2023-01-15 v3.1.10 (3.1.10)
\pgf@max=\dimen266
\pgf@sys@shading@range@num=\count296
\pgf@shadingcount=\count297
) (/usr/local/texlive/2023/texmf-dist/tex/generic/pgf/basiclayer/pgfcoreimage.code.tex
File: pgfcoreimage.code.tex 2023-01-15 v3.1.10 (3.1.10)
) (/usr/local/texlive/2023/texmf-dist/tex/generic/pgf/basiclayer/pgfcoreexternal.code.tex
File: pgfcoreexternal.code.tex 2023-01-15 v3.1.10 (3.1.10)
\pgfexternal@startupbox=\box65
) (/usr/local/texlive/2023/texmf-dist/tex/generic/pgf/basiclayer/pgfcorelayers.code.tex
File: pgfcorelayers.code.tex 2023-01-15 v3.1.10 (3.1.10)
) (/usr/local/texlive/2023/texmf-dist/tex/generic/pgf/basiclayer/pgfcoretransparency.code.tex
File: pgfcoretransparency.code.tex 2023-01-15 v3.1.10 (3.1.10)
) (/usr/local/texlive/2023/texmf-dist/tex/generic/pgf/basiclayer/pgfcorepatterns.code.tex
File: pgfcorepatterns.code.tex 2023-01-15 v3.1.10 (3.1.10)
) (/usr/local/texlive/2023/texmf-dist/tex/generic/pgf/basiclayer/pgfcorerdf.code.tex
File: pgfcorerdf.code.tex 2023-01-15 v3.1.10 (3.1.10)
))) (/usr/local/texlive/2023/texmf-dist/tex/latex/pgf/utilities/xxcolor.sty
Package: xxcolor 2003/10/24 ver 0.1
\XC@nummixins=\count298
\XC@countmixins=\count299
) (/usr/local/texlive/2023/texmf-dist/tex/latex/base/atbegshi-ltx.sty
Package: atbegshi-ltx 2021/01/10 v1.0c Emulation of the original atbegshi
package with kernel methods
) (/usr/local/texlive/2023/texmf-dist/tex/latex/hyperref/hyperref.sty
Package: hyperref 2024-01-20 v7.01h Hypertext links for LaTeX
 (/usr/local/texlive/2023/texmf-dist/tex/latex/kvsetkeys/kvsetkeys.sty
Package: kvsetkeys 2022-10-05 v1.19 Key value parser (HO)
) (/usr/local/texlive/2023/texmf-dist/tex/generic/kvdefinekeys/kvdefinekeys.sty
Package: kvdefinekeys 2019-12-19 v1.6 Define keys (HO)
) (/usr/local/texlive/2023/texmf-dist/tex/generic/pdfescape/pdfescape.sty
Package: pdfescape 2019/12/09 v1.15 Implements pdfTeX's escape features (HO)
 (/usr/local/texlive/2023/texmf-dist/tex/generic/ltxcmds/ltxcmds.sty
Package: ltxcmds 2023-12-04 v1.26 LaTeX kernel commands for general use (HO)
) (/usr/local/texlive/2023/texmf-dist/tex/generic/pdftexcmds/pdftexcmds.sty
Package: pdftexcmds 2020-06-27 v0.33 Utility functions of pdfTeX for LuaTeX (HO)
 (/usr/local/texlive/2023/texmf-dist/tex/generic/infwarerr/infwarerr.sty
Package: infwarerr 2019/12/03 v1.5 Providing info/warning/error messages (HO)
)
Package pdftexcmds Info: \pdf@primitive is available.
Package pdftexcmds Info: \pdf@ifprimitive is available.
Package pdftexcmds Info: \pdfdraftmode found.
)) (/usr/local/texlive/2023/texmf-dist/tex/latex/hycolor/hycolor.sty
Package: hycolor 2020-01-27 v1.10 Color options for hyperref/bookmark (HO)
) (/usr/local/texlive/2023/texmf-dist/tex/latex/auxhook/auxhook.sty
Package: auxhook 2019-12-17 v1.6 Hooks for auxiliary files (HO)
) (/usr/local/texlive/2023/texmf-dist/tex/latex/hyperref/nameref.sty
Package: nameref 2023-11-26 v2.56 Cross-referencing by name of section
 (/usr/local/texlive/2023/texmf-dist/tex/latex/refcount/refcount.sty
Package: refcount 2019/12/15 v3.6 Data extraction from label references (HO)
) (/usr/local/texlive/2023/texmf-dist/tex/generic/gettitlestring/gettitlestring.sty
Package: gettitlestring 2019/12/15 v1.6 Cleanup title references (HO)
 (/usr/local/texlive/2023/texmf-dist/tex/latex/kvoptions/kvoptions.sty
Package: kvoptions 2022-06-15 v3.15 Key value format for package options (HO)
))
\c@section@level=\count300
)
\@linkdim=\dimen267
\Hy@linkcounter=\count301
\Hy@pagecounter=\count302
 (/usr/local/texlive/2023/texmf-dist/tex/latex/hyperref/pd1enc.def
File: pd1enc.def 2024-01-20 v7.01h Hyperref: PDFDocEncoding definition (HO)
Now handling font encoding PD1 ...
... no UTF-8 mapping file for font encoding PD1
) (/usr/local/texlive/2023/texmf-dist/tex/generic/intcalc/intcalc.sty
Package: intcalc 2019/12/15 v1.3 Expandable calculations with integers (HO)
)
\Hy@SavedSpaceFactor=\count303
 (/usr/local/texlive/2023/texmf-dist/tex/latex/hyperref/puenc.def
File: puenc.def 2024-01-20 v7.01h Hyperref: PDF Unicode definition (HO)
Now handling font encoding PU ...
... no UTF-8 mapping file for font encoding PU
)
Package hyperref Info: Option `bookmarks' set `true' on input line 4062.
Package hyperref Info: Option `bookmarksopen' set `true' on input line 4062.
Package hyperref Info: Option `implicit' set `false' on input line 4062.
Package hyperref Info: Hyper figures OFF on input line 4179.
Package hyperref Info: Link nesting OFF on input line 4184.
Package hyperref Info: Hyper index ON on input line 4187.
Package hyperref Info: Plain pages OFF on input line 4194.
Package hyperref Info: Backreferencing OFF on input line 4199.
Package hyperref Info: Implicit mode OFF; no redefinition of LaTeX internals.
Package hyperref Info: Bookmarks ON on input line 4446.
\c@Hy@tempcnt=\count304
 (/usr/local/texlive/2023/texmf-dist/tex/latex/url/url.sty
\Urlmuskip=\muskip16
Package: url 2013/09/16  ver 3.4  Verb mode for urls, etc.
)
LaTeX Info: Redefining \url on input line 4784.
\XeTeXLinkMargin=\dimen268
 (/usr/local/texlive/2023/texmf-dist/tex/generic/bitset/bitset.sty
Package: bitset 2019/12/09 v1.3 Handle bit-vector datatype (HO)
 (/usr/local/texlive/2023/texmf-dist/tex/generic/bigintcalc/bigintcalc.sty
Package: bigintcalc 2019/12/15 v1.5 Expandable calculations on big integers (HO)
))
\Fld@menulength=\count305
\Field@Width=\dimen269
\Fld@charsize=\dimen270
Package hyperref Info: Hyper figures OFF on input line 6063.
Package hyperref Info: Link nesting OFF on input line 6068.
Package hyperref Info: Hyper index ON on input line 6071.
Package hyperref Info: backreferencing OFF on input line 6078.
Package hyperref Info: Link coloring OFF on input line 6083.
Package hyperref Info: Link coloring with OCG OFF on input line 6088.
Package hyperref Info: PDF/A mode OFF on input line 6093.
\Hy@abspage=\count306


Package hyperref Message: Stopped early.

)
Package hyperref Info: Driver (autodetected): hpdftex.
 (/usr/local/texlive/2023/texmf-dist/tex/latex/hyperref/hpdftex.def
File: hpdftex.def 2024-01-20 v7.01h Hyperref driver for pdfTeX
 (/usr/local/texlive/2023/texmf-dist/tex/latex/base/atveryend-ltx.sty
Package: atveryend-ltx 2020/08/19 v1.0a Emulation of the original atveryend package
with kernel methods
)
\Fld@listcount=\count307
\c@bookmark@seq@number=\count308
 (/usr/local/texlive/2023/texmf-dist/tex/latex/rerunfilecheck/rerunfilecheck.sty
Package: rerunfilecheck 2022-07-10 v1.10 Rerun checks for auxiliary files (HO)
 (/usr/local/texlive/2023/texmf-dist/tex/generic/uniquecounter/uniquecounter.sty
Package: uniquecounter 2019/12/15 v1.4 Provide unlimited unique counter (HO)
)
Package uniquecounter Info: New unique counter `rerunfilecheck' on input line 285.
)) (/usr/local/texlive/2023/texmf-dist/tex/latex/beamer/beamerbaserequires.sty (/usr/local/texlive/2023/texmf-dist/tex/latex/beamer/beamerbasecompatibility.sty) (/usr/local/texlive/2023/texmf-dist/tex/latex/beamer/beamerbasefont.sty (/usr/local/texlive/2023/texmf-dist/tex/latex/amsfonts/amssymb.sty
Package: amssymb 2013/01/14 v3.01 AMS font symbols
 (/usr/local/texlive/2023/texmf-dist/tex/latex/amsfonts/amsfonts.sty
Package: amsfonts 2013/01/14 v3.01 Basic AMSFonts support
\@emptytoks=\toks29
\symAMSa=\mathgroup4
\symAMSb=\mathgroup5
LaTeX Font Info:    Redeclaring math symbol \hbar on input line 98.
LaTeX Font Info:    Overwriting math alphabet `\mathfrak' in version `bold'
(Font)                  U/euf/m/n --> U/euf/b/n on input line 106.
)) (/usr/local/texlive/2023/texmf-dist/tex/latex/sansmathaccent/sansmathaccent.sty
Package: sansmathaccent 2020/01/31
 (/usr/local/texlive/2023/texmf-dist/tex/latex/koma-script/scrlfile.sty
Package: scrlfile 2023/07/07 v3.41 KOMA-Script package (file load hooks)
 (/usr/local/texlive/2023/texmf-dist/tex/latex/koma-script/scrlfile-hook.sty
Package: scrlfile-hook 2023/07/07 v3.41 KOMA-Script package (using LaTeX hooks)
 (/usr/local/texlive/2023/texmf-dist/tex/latex/koma-script/scrlogo.sty
Package: scrlogo 2023/07/07 v3.41 KOMA-Script package (logo)
))))) (/usr/local/texlive/2023/texmf-dist/tex/latex/beamer/beamerbasetranslator.sty (/usr/local/texlive/2023/texmf-dist/tex/latex/translator/translator.sty
Package: translator 2021-05-31 v1.12d Easy translation of strings in LaTeX
)) (/usr/local/texlive/2023/texmf-dist/tex/latex/beamer/beamerbasemisc.sty) (/usr/local/texlive/2023/texmf-dist/tex/latex/beamer/beamerbasetwoscreens.sty) (/usr/local/texlive/2023/texmf-dist/tex/latex/beamer/beamerbaseoverlay.sty
\beamer@argscount=\count309
\beamer@lastskipcover=\skip51
\beamer@trivlistdepth=\count310
) (/usr/local/texlive/2023/texmf-dist/tex/latex/beamer/beamerbasetitle.sty) (/usr/local/texlive/2023/texmf-dist/tex/latex/beamer/beamerbasesection.sty
\c@lecture=\count311
\c@part=\count312
\c@section=\count313
\c@subsection=\count314
\c@subsubsection=\count315
) (/usr/local/texlive/2023/texmf-dist/tex/latex/beamer/beamerbaseframe.sty
\beamer@framebox=\box66
\beamer@frametitlebox=\box67
\beamer@zoombox=\box68
\beamer@zoomcount=\count316
\beamer@zoomframecount=\count317
\beamer@frametextheight=\dimen271
\c@subsectionslide=\count318
\beamer@frametopskip=\skip52
\beamer@framebottomskip=\skip53
\beamer@frametopskipautobreak=\skip54
\beamer@framebottomskipautobreak=\skip55
\beamer@envbody=\toks30
\framewidth=\dimen272
\c@framenumber=\count319
) (/usr/local/texlive/2023/texmf-dist/tex/latex/beamer/beamerbaseverbatim.sty
\beamer@verbatimfileout=\write4
) (/usr/local/texlive/2023/texmf-dist/tex/latex/beamer/beamerbaseframesize.sty
\beamer@splitbox=\box69
\beamer@autobreakcount=\count320
\beamer@autobreaklastheight=\dimen273
\beamer@frametitletoks=\toks31
\beamer@framesubtitletoks=\toks32
) (/usr/local/texlive/2023/texmf-dist/tex/latex/beamer/beamerbaseframecomponents.sty
\beamer@footins=\box70
) (/usr/local/texlive/2023/texmf-dist/tex/latex/beamer/beamerbasecolor.sty) (/usr/local/texlive/2023/texmf-dist/tex/latex/beamer/beamerbasenotes.sty
\beamer@frameboxcopy=\box71
) (/usr/local/texlive/2023/texmf-dist/tex/latex/beamer/beamerbasetoc.sty) (/usr/local/texlive/2023/texmf-dist/tex/latex/beamer/beamerbasetemplates.sty
\beamer@sbttoks=\toks33
 (/usr/local/texlive/2023/texmf-dist/tex/latex/beamer/beamerbaseauxtemplates.sty (/usr/local/texlive/2023/texmf-dist/tex/latex/beamer/beamerbaseboxes.sty
\bmb@box=\box72
\bmb@colorbox=\box73
\bmb@boxwidth=\dimen274
\bmb@boxheight=\dimen275
\bmb@prevheight=\dimen276
\bmb@temp=\dimen277
\bmb@dima=\dimen278
\bmb@dimb=\dimen279
\bmb@prevheight=\dimen280
)
\beamer@blockheadheight=\dimen281
)) (/usr/local/texlive/2023/texmf-dist/tex/latex/beamer/beamerbaselocalstructure.sty (/usr/local/texlive/2023/texmf-dist/tex/latex/tools/enumerate.sty
Package: enumerate 2023/07/04 v3.00 enumerate extensions (DPC)
\@enLab=\toks34
)
\beamer@bibiconwidth=\skip56
\c@figure=\count321
\c@table=\count322
\abovecaptionskip=\skip57
\belowcaptionskip=\skip58
) (/usr/local/texlive/2023/texmf-dist/tex/latex/beamer/beamerbasenavigation.sty (/usr/local/texlive/2023/texmf-dist/tex/latex/beamer/beamerbasenavigationsymbols.tex)
\beamer@section@min@dim=\dimen282
) (/usr/local/texlive/2023/texmf-dist/tex/latex/beamer/beamerbasetheorems.sty (/usr/local/texlive/2023/texmf-dist/tex/latex/amsmath/amsmath.sty
Package: amsmath 2023/05/13 v2.17o AMS math features
\@mathmargin=\skip59

For additional information on amsmath, use the `?' option.
(/usr/local/texlive/2023/texmf-dist/tex/latex/amsmath/amstext.sty
Package: amstext 2021/08/26 v2.01 AMS text
 (/usr/local/texlive/2023/texmf-dist/tex/latex/amsmath/amsgen.sty
File: amsgen.sty 1999/11/30 v2.0 generic functions
\@emptytoks=\toks35
\ex@=\dimen283
)) (/usr/local/texlive/2023/texmf-dist/tex/latex/amsmath/amsbsy.sty
Package: amsbsy 1999/11/29 v1.2d Bold Symbols
\pmbraise@=\dimen284
) (/usr/local/texlive/2023/texmf-dist/tex/latex/amsmath/amsopn.sty
Package: amsopn 2022/04/08 v2.04 operator names
)
\inf@bad=\count323
LaTeX Info: Redefining \frac on input line 234.
\uproot@=\count324
\leftroot@=\count325
LaTeX Info: Redefining \overline on input line 399.
LaTeX Info: Redefining \colon on input line 410.
\classnum@=\count326
\DOTSCASE@=\count327
LaTeX Info: Redefining \ldots on input line 496.
LaTeX Info: Redefining \dots on input line 499.
LaTeX Info: Redefining \cdots on input line 620.
\Mathstrutbox@=\box74
\strutbox@=\box75
LaTeX Info: Redefining \big on input line 722.
LaTeX Info: Redefining \Big on input line 723.
LaTeX Info: Redefining \bigg on input line 724.
LaTeX Info: Redefining \Bigg on input line 725.
\big@size=\dimen285
LaTeX Font Info:    Redeclaring font encoding OML on input line 743.
LaTeX Font Info:    Redeclaring font encoding OMS on input line 744.
\macc@depth=\count328
LaTeX Info: Redefining \bmod on input line 905.
LaTeX Info: Redefining \pmod on input line 910.
LaTeX Info: Redefining \smash on input line 940.
LaTeX Info: Redefining \relbar on input line 970.
LaTeX Info: Redefining \Relbar on input line 971.
\c@MaxMatrixCols=\count329
\dotsspace@=\muskip17
\c@parentequation=\count330
\dspbrk@lvl=\count331
\tag@help=\toks36
\row@=\count332
\column@=\count333
\maxfields@=\count334
\andhelp@=\toks37
\eqnshift@=\dimen286
\alignsep@=\dimen287
\tagshift@=\dimen288
\tagwidth@=\dimen289
\totwidth@=\dimen290
\lineht@=\dimen291
\@envbody=\toks38
\multlinegap=\skip60
\multlinetaggap=\skip61
\mathdisplay@stack=\toks39
LaTeX Info: Redefining \[ on input line 2953.
LaTeX Info: Redefining \] on input line 2954.
) (/usr/local/texlive/2023/texmf-dist/tex/latex/amscls/amsthm.sty
Package: amsthm 2020/05/29 v2.20.6
\thm@style=\toks40
\thm@bodyfont=\toks41
\thm@headfont=\toks42
\thm@notefont=\toks43
\thm@headpunct=\toks44
\thm@preskip=\skip62
\thm@postskip=\skip63
\thm@headsep=\skip64
\dth@everypar=\toks45
)
\c@theorem=\count335
) (/usr/local/texlive/2023/texmf-dist/tex/latex/beamer/beamerbasethemes.sty)) (/usr/local/texlive/2023/texmf-dist/tex/latex/beamer/beamerthemedefault.sty (/usr/local/texlive/2023/texmf-dist/tex/latex/beamer/beamerfontthemedefault.sty) (/usr/local/texlive/2023/texmf-dist/tex/latex/beamer/beamercolorthemedefault.sty) (/usr/local/texlive/2023/texmf-dist/tex/latex/beamer/beamerinnerthemedefault.sty
\beamer@dima=\dimen292
\beamer@dimb=\dimen293
) (/usr/local/texlive/2023/texmf-dist/tex/latex/beamer/beamerouterthemedefault.sty))) (/usr/local/texlive/2023/texmf-dist/tex/latex/base/fontenc.sty
Package: fontenc 2021/04/29 v2.0v Standard LaTeX package
) (/usr/local/texlive/2023/texmf-dist/tex/latex/base/inputenc.sty
Package: inputenc 2021/02/14 v1.3d Input encoding file
\inpenc@prehook=\toks46
\inpenc@posthook=\toks47
) (/usr/local/texlive/2023/texmf-dist/tex/latex/beamer/beamerfontthemeprofessionalfonts.sty) (/usr/local/texlive/2023/texmf-dist/tex/latex/mathtools/mathtools.sty
Package: mathtools 2022/06/29 v1.29 mathematical typesetting tools
 (/usr/local/texlive/2023/texmf-dist/tex/latex/tools/calc.sty
Package: calc 2023/07/08 v4.3 Infix arithmetic (KKT,FJ)
\calc@Acount=\count336
\calc@Bcount=\count337
\calc@Adimen=\dimen294
\calc@Bdimen=\dimen295
\calc@Askip=\skip65
\calc@Bskip=\skip66
LaTeX Info: Redefining \setlength on input line 80.
LaTeX Info: Redefining \addtolength on input line 81.
\calc@Ccount=\count338
\calc@Cskip=\skip67
) (/usr/local/texlive/2023/texmf-dist/tex/latex/mathtools/mhsetup.sty
Package: mhsetup 2021/03/18 v1.4 programming setup (MH)
)
\g_MT_multlinerow_int=\count339
\l_MT_multwidth_dim=\dimen296
\origjot=\skip68
\l_MT_shortvdotswithinadjustabove_dim=\dimen297
\l_MT_shortvdotswithinadjustbelow_dim=\dimen298
\l_MT_above_intertext_sep=\dimen299
\l_MT_below_intertext_sep=\dimen300
\l_MT_above_shortintertext_sep=\dimen301
\l_MT_below_shortintertext_sep=\dimen302
\xmathstrut@box=\box76
\xmathstrut@dim=\dimen303
) (/usr/local/texlive/2023/texmf-dist/tex/latex/tools/bm.sty
Package: bm 2023/07/08 v1.2f Bold Symbol Support (DPC/FMi)
\symboldoperators=\mathgroup6
\symboldletters=\mathgroup7
\symboldsymbols=\mathgroup8
Package bm Info: No bold for \OMX/cmex/m/n, using \pmb.
Package bm Info: No bold for \U/msa/m/n, using \pmb.
Package bm Info: No bold for \U/msb/m/n, using \pmb.
LaTeX Font Info:    Redeclaring math alphabet \mathbf on input line 149.
) (/usr/local/texlive/2023/texmf-dist/tex/latex/booktabs/booktabs.sty
Package: booktabs 2020/01/12 v1.61803398 Publication quality tables
\heavyrulewidth=\dimen304
\lightrulewidth=\dimen305
\cmidrulewidth=\dimen306
\belowrulesep=\dimen307
\belowbottomsep=\dimen308
\aboverulesep=\dimen309
\abovetopsep=\dimen310
\cmidrulesep=\dimen311
\cmidrulekern=\dimen312
\defaultaddspace=\dimen313
\@cmidla=\count340
\@cmidlb=\count341
\@aboverulesep=\dimen314
\@belowrulesep=\dimen315
\@thisruleclass=\count342
\@lastruleclass=\count343
\@thisrulewidth=\dimen316
) (/usr/local/texlive/2023/texmf-dist/tex/latex/tools/tabularx.sty
Package: tabularx 2023/07/08 v2.11c `tabularx' package (DPC)
 (/usr/local/texlive/2023/texmf-dist/tex/latex/tools/array.sty
Package: array 2023/10/16 v2.5g Tabular extension package (FMi)
\col@sep=\dimen317
\ar@mcellbox=\box77
\extrarowheight=\dimen318
\NC@list=\toks48
\extratabsurround=\skip69
\backup@length=\skip70
\ar@cellbox=\box78
)
\TX@col@width=\dimen319
\TX@old@table=\dimen320
\TX@old@col=\dimen321
\TX@target=\dimen322
\TX@delta=\dimen323
\TX@cols=\count344
\TX@ftn=\toks49
) (/usr/local/texlive/2023/texmf-dist/tex/latex/multirow/multirow.sty
Package: multirow 2021/03/15 v2.8 Span multiple rows of a table
\multirow@colwidth=\skip71
\multirow@cntb=\count345
\multirow@dima=\skip72
\bigstrutjot=\dimen324
) (/usr/local/texlive/2023/texmf-dist/tex/latex/makecell/makecell.sty
Package: makecell 2009/08/03 V0.1e Managing of Tab Column Heads and Cells
\rotheadsize=\dimen325
\c@nlinenum=\count346
\TeXr@lab=\toks50
) (/usr/local/texlive/2023/texmf-dist/tex/latex/colortbl/colortbl.sty
Package: colortbl 2022/06/20 v1.0f Color table columns (DPC)
\everycr=\toks51
\minrowclearance=\skip73
\rownum=\count347
) (/usr/local/texlive/2023/texmf-dist/tex/latex/ragged2e/ragged2e.sty
Package: ragged2e 2023/06/22 v3.6 ragged2e Package
\CenteringLeftskip=\skip74
\RaggedLeftLeftskip=\skip75
\RaggedRightLeftskip=\skip76
\CenteringRightskip=\skip77
\RaggedLeftRightskip=\skip78
\RaggedRightRightskip=\skip79
\CenteringParfillskip=\skip80
\RaggedLeftParfillskip=\skip81
\RaggedRightParfillskip=\skip82
\JustifyingParfillskip=\skip83
\CenteringParindent=\skip84
\RaggedLeftParindent=\skip85
\RaggedRightParindent=\skip86
\JustifyingParindent=\skip87
) (/usr/local/texlive/2023/texmf-dist/tex/latex/microtype/microtype.sty
Package: microtype 2023/03/13 v3.1a Micro-typographical refinements (RS)
\MT@toks=\toks52
\MT@tempbox=\box79
\MT@count=\count348
LaTeX Info: Redefining \noprotrusionifhmode on input line 1059.
LaTeX Info: Redefining \leftprotrusion on input line 1060.
\MT@prot@toks=\toks53
LaTeX Info: Redefining \rightprotrusion on input line 1078.
LaTeX Info: Redefining \textls on input line 1368.
\MT@outer@kern=\dimen326
LaTeX Info: Redefining \textmicrotypecontext on input line 1988.
\MT@listname@count=\count349
 (/usr/local/texlive/2023/texmf-dist/tex/latex/microtype/microtype-pdftex.def
File: microtype-pdftex.def 2023/03/13 v3.1a Definitions specific to pdftex (RS)
LaTeX Info: Redefining \lsstyle on input line 902.
LaTeX Info: Redefining \lslig on input line 902.
\MT@outer@space=\skip88
)
Package microtype Info: Loading configuration file microtype.cfg.
 (/usr/local/texlive/2023/texmf-dist/tex/latex/microtype/microtype.cfg
File: microtype.cfg 2023/03/13 v3.1a microtype main configuration file (RS)
)) (/usr/local/texlive/2023/texmf-dist/tex/latex/appendixnumberbeamer/appendixnumberbeamer.sty) (./theme.tex)
Package hyperref Info: Option `colorlinks' set `true' on input line 35.
 (/usr/local/texlive/2023/texmf-dist/tex/latex/l3backend/l3backend-pdftex.def
File: l3backend-pdftex.def 2024-01-04 L3 backend support: PDF output (pdfTeX)
\l__color_backend_stack_int=\count350
\l__pdf_internal_box=\box80
) (./main2.aux)
\openout1 = `main2.aux'.

LaTeX Font Info:    Checking defaults for OML/cmm/m/it on input line 42.
LaTeX Font Info:    ... okay on input line 42.
LaTeX Font Info:    Checking defaults for OMS/cmsy/m/n on input line 42.
LaTeX Font Info:    ... okay on input line 42.
LaTeX Font Info:    Checking defaults for OT1/cmr/m/n on input line 42.
LaTeX Font Info:    ... okay on input line 42.
LaTeX Font Info:    Checking defaults for T1/cmr/m/n on input line 42.
LaTeX Font Info:    ... okay on input line 42.
LaTeX Font Info:    Checking defaults for TS1/cmr/m/n on input line 42.
LaTeX Font Info:    ... okay on input line 42.
LaTeX Font Info:    Checking defaults for OMX/cmex/m/n on input line 42.
LaTeX Font Info:    ... okay on input line 42.
LaTeX Font Info:    Checking defaults for U/cmr/m/n on input line 42.
LaTeX Font Info:    ... okay on input line 42.
LaTeX Font Info:    Checking defaults for PD1/pdf/m/n on input line 42.
LaTeX Font Info:    ... okay on input line 42.
LaTeX Font Info:    Checking defaults for PU/pdf/m/n on input line 42.
LaTeX Font Info:    ... okay on input line 42.

*geometry* driver: auto-detecting
*geometry* detected driver: pdftex
*geometry* verbose mode - [ preamble ] result:
* driver: pdftex
* paper: custom
* layout: <same size as paper>
* layoutoffset:(h,v)=(0.0pt,0.0pt)
* modes: includehead includefoot 
* h-part:(L,W,R)=(15.93347pt, 423.37714pt, 15.93347pt)
* v-part:(T,H,B)=(0.0pt, 256.0748pt, 0.0pt)
* \paperwidth=455.24408pt
* \paperheight=256.0748pt
* \textwidth=423.37714pt
* \textheight=227.62207pt
* \oddsidemargin=-56.33652pt
* \evensidemargin=-56.33652pt
* \topmargin=-72.26999pt
* \headheight=14.22636pt
* \headsep=0.0pt
* \topskip=10.0pt
* \footskip=14.22636pt
* \marginparwidth=3.0pt
* \marginparsep=11.0pt
* \columnsep=10.0pt
* \skip\footins=9.0pt plus 4.0pt minus 2.0pt
* \hoffset=0.0pt
* \voffset=0.0pt
* \mag=1000
* \@twocolumnfalse
* \@twosidefalse
* \@mparswitchfalse
* \@reversemarginfalse
* (1in=72.27pt=25.4mm, 1cm=28.453pt)

(/usr/local/texlive/2023/texmf-dist/tex/context/base/mkii/supp-pdf.mkii
[Loading MPS to PDF converter (version 2006.09.02).]
\scratchcounter=\count351
\scratchdimen=\dimen327
\scratchbox=\box81
\nofMPsegments=\count352
\nofMParguments=\count353
\everyMPshowfont=\toks54
\MPscratchCnt=\count354
\MPscratchDim=\dimen328
\MPnumerator=\count355
\makeMPintoPDFobject=\count356
\everyMPtoPDFconversion=\toks55
) (/usr/local/texlive/2023/texmf-dist/tex/latex/epstopdf-pkg/epstopdf-base.sty
Package: epstopdf-base 2020-01-24 v2.11 Base part for package epstopdf
Package epstopdf-base Info: Redefining graphics rule for `.eps' on input line 485.
 (/usr/local/texlive/2023/texmf-dist/tex/latex/latexconfig/epstopdf-sys.cfg
File: epstopdf-sys.cfg 2010/07/13 v1.3 Configuration of (r)epstopdf for TeX Live
))
Package hyperref Info: Link coloring ON on input line 42.
 (./main2.out) (./main2.out)
\@outlinefile=\write5
\openout5 = `main2.out'.

 (/usr/local/texlive/2023/texmf-dist/tex/latex/translator/translator-basic-dictionary-English.dict
Dictionary: translator-basic-dictionary, Language: English 
) (/usr/local/texlive/2023/texmf-dist/tex/latex/translator/translator-bibliography-dictionary-English.dict
Dictionary: translator-bibliography-dictionary, Language: English 
) (/usr/local/texlive/2023/texmf-dist/tex/latex/translator/translator-environment-dictionary-English.dict
Dictionary: translator-environment-dictionary, Language: English 
) (/usr/local/texlive/2023/texmf-dist/tex/latex/translator/translator-months-dictionary-English.dict
Dictionary: translator-months-dictionary, Language: English 
) (/usr/local/texlive/2023/texmf-dist/tex/latex/translator/translator-numbers-dictionary-English.dict
Dictionary: translator-numbers-dictionary, Language: English 
) (/usr/local/texlive/2023/texmf-dist/tex/latex/translator/translator-theorem-dictionary-English.dict
Dictionary: translator-theorem-dictionary, Language: English 
)
LaTeX Info: Redefining \microtypecontext on input line 42.
Package microtype Info: Applying patch `item' on input line 42.
Package microtype Info: Applying patch `toc' on input line 42.
Package microtype Info: Applying patch `eqnum' on input line 42.
Package microtype Info: Applying patch `footnote' on input line 42.
Package microtype Info: Applying patch `verbatim' on input line 42.
Package microtype Info: Generating PDF output.
Package microtype Info: Character protrusion enabled (level 2).
Package microtype Info: Using default protrusion set `alltext'.
Package microtype Info: Automatic font expansion enabled (level 2),
(microtype)             stretch: 20, shrink: 20, step: 1, non-selected.
Package microtype Info: Using default expansion set `alltext-nott'.
LaTeX Info: Redefining \showhyphens on input line 42.
Package microtype Info: No adjustment of tracking.
Package microtype Info: No adjustment of interword spacing.
Package microtype Info: No adjustment of character kerning.
Package microtype Info: Loading generic protrusion settings for font family
(microtype)             `cmss' (encoding: T1).
(microtype)             For optimal results, create family-specific settings.
(microtype)             See the microtype manual for details.
 (./main2.nav) (/usr/local/texlive/2023/texmf-dist/tex/latex/microtype/mt-cmr.cfg
File: mt-cmr.cfg 2013/05/19 v2.2 microtype config. file: Computer Modern Roman (RS)
)
LaTeX Font Info:    Trying to load font information for U+msa on input line 68.
 (/usr/local/texlive/2023/texmf-dist/tex/latex/amsfonts/umsa.fd
File: umsa.fd 2013/01/14 v3.01 AMS symbols A
) (/usr/local/texlive/2023/texmf-dist/tex/latex/microtype/mt-msa.cfg
File: mt-msa.cfg 2006/02/04 v1.1 microtype config. file: AMS symbols (a) (RS)
)
LaTeX Font Info:    Trying to load font information for U+msb on input line 68.
 (/usr/local/texlive/2023/texmf-dist/tex/latex/amsfonts/umsb.fd
File: umsb.fd 2013/01/14 v3.01 AMS symbols B
) (/usr/local/texlive/2023/texmf-dist/tex/latex/microtype/mt-msb.cfg
File: mt-msb.cfg 2005/06/01 v1.0 microtype config. file: AMS symbols (b) (RS)
) [1

{/usr/local/texlive/2023/texmf-var/fonts/map/pdftex/updmap/pdftex.map}{/usr/local/texlive/2023/texmf-dist/fonts/enc/dvips/cm-super/cm-super-t1.enc}]
<../thesis_phd_math/images/Testing-board.jpg, id=26, 803.0pt x 534.99875pt>
File: ../thesis_phd_math/images/Testing-board.jpg Graphic file (type jpg)
<use ../thesis_phd_math/images/Testing-board.jpg>
Package pdftex.def Info: ../thesis_phd_math/images/Testing-board.jpg  used on input line 109.
(pdftex.def)             Requested size: 93.94205pt x 62.58888pt.
<../thesis_phd_math/images/threads.png, id=27, 494.59781pt x 233.37187pt>
File: ../thesis_phd_math/images/threads.png Graphic file (type png)
<use ../thesis_phd_math/images/threads.png>
Package pdftex.def Info: ../thesis_phd_math/images/threads.png  used on input line 109.
(pdftex.def)             Requested size: 125.42267pt x 59.17964pt.
 [2

 <../thesis_phd_math/images/Testing-board.jpg> <../thesis_phd_math/images/threads.png>]
<../thesis_phd_math/images/ch3/conc_1inter_c.png, id=43, 597.23125pt x 229.85875pt>
File: ../thesis_phd_math/images/ch3/conc_1inter_c.png Graphic file (type png)
<use ../thesis_phd_math/images/ch3/conc_1inter_c.png>
Package pdftex.def Info: ../thesis_phd_math/images/ch3/conc_1inter_c.png  used on input line 154.
(pdftex.def)             Requested size: 110.07596pt x 42.36536pt.
<assets/gcr_problem.png, id=44, 722.7pt x 433.62pt>
File: assets/gcr_problem.png Graphic file (type png)
<use assets/gcr_problem.png>
Package pdftex.def Info: assets/gcr_problem.png  used on input line 154.
(pdftex.def)             Requested size: 97.2074pt x 58.32443pt.
 [3

 <../thesis_phd_math/images/ch3/conc_1inter_c.png> <./assets/gcr_problem.png>]
Package microtype Info: Loading generic protrusion settings for font family
(microtype)             `cmss' (encoding: OT1).
(microtype)             For optimal results, create family-specific settings.
(microtype)             See the microtype manual for details.

Underfull \hbox (badness 1406) in paragraph at lines 196--196
[]|\T1/cmss/m/n/8 (+20) Reference pro-files 
 []

[4

] [5

]
<assets/vfps-steps.png, id=71, 737.75626pt x 852.18375pt>
File: assets/vfps-steps.png Graphic file (type png)
<use assets/vfps-steps.png>
Package pdftex.def Info: assets/vfps-steps.png  used on input line 258.
(pdftex.def)             Requested size: 65.26947pt x 75.3929pt.
<assets/vfps_pipeline.png, id=72, 1776.6375pt x 864.22874pt>
File: assets/vfps_pipeline.png Graphic file (type png)
<use assets/vfps_pipeline.png>
Package pdftex.def Info: assets/vfps_pipeline.png  used on input line 258.
(pdftex.def)             Requested size: 190.0902pt x 92.4676pt.
 [6

 <./assets/vfps-steps.png> <./assets/vfps_pipeline.png>]
LaTeX Font Info:    Calculating math sizes for size <7.1> on input line 334.


LaTeX Font Warning: Font shape `OT1/cmr/m/n' in size <3.55> not available
(Font)              size <4> substituted on input line 334.


LaTeX Font Warning: Font shape `OML/cmm/m/it' in size <3.55> not available
(Font)              size <5> substituted on input line 334.


LaTeX Font Warning: Font shape `OMS/cmsy/m/n' in size <3.55> not available
(Font)              size <5> substituted on input line 334.


LaTeX Font Warning: Font shape `OT1/cmss/m/n' in size <3.55> not available
(Font)              size <4> substituted on input line 334.


LaTeX Font Warning: Font shape `OT1/cmr/bx/n' in size <3.55> not available
(Font)              size <4> substituted on input line 334.


LaTeX Font Warning: Font shape `OML/cmm/b/it' in size <3.55> not available
(Font)              size <5> substituted on input line 334.


LaTeX Font Warning: Font shape `OMS/cmsy/b/n' in size <3.55> not available
(Font)              size <5> substituted on input line 334.

LaTeX Font Info:    Calculating math sizes for size <6.3> on input line 334.

LaTeX Font Warning: Font shape `OT1/cmr/m/n' in size <4.40997> not available
(Font)              size <4> substituted on input line 334.


LaTeX Font Warning: Font shape `OML/cmm/m/it' in size <4.40997> not available
(Font)              size <5> substituted on input line 334.


LaTeX Font Warning: Font shape `OML/cmm/m/it' in size <3.15> not available
(Font)              size <5> substituted on input line 334.


LaTeX Font Warning: Font shape `OMS/cmsy/m/n' in size <4.40997> not available
(Font)              size <5> substituted on input line 334.


LaTeX Font Warning: Font shape `OMS/cmsy/m/n' in size <3.15> not available
(Font)              size <5> substituted on input line 334.


LaTeX Font Warning: Font shape `OT1/cmss/m/n' in size <4.40997> not available
(Font)              size <4> substituted on input line 334.


LaTeX Font Warning: Font shape `OT1/cmr/bx/n' in size <4.40997> not available
(Font)              size <4> substituted on input line 334.


LaTeX Font Warning: Font shape `OML/cmm/b/it' in size <4.40997> not available
(Font)              size <5> substituted on input line 334.


LaTeX Font Warning: Font shape `OML/cmm/b/it' in size <3.15> not available
(Font)              size <5> substituted on input line 334.


LaTeX Font Warning: Font shape `OMS/cmsy/b/n' in size <4.40997> not available
(Font)              size <5> substituted on input line 334.


LaTeX Font Warning: Font shape `OMS/cmsy/b/n' in size <3.15> not available
(Font)              size <5> substituted on input line 334.

<../thesis_phd_math/images/ch3/CEP_angles.drawio.png, id=83, 409.53pt x 213.79875pt>
File: ../thesis_phd_math/images/ch3/CEP_angles.drawio.png Graphic file (type png)
<use ../thesis_phd_math/images/ch3/CEP_angles.drawio.png>
Package pdftex.def Info: ../thesis_phd_math/images/ch3/CEP_angles.drawio.png  used on input line 334.
(pdftex.def)             Requested size: 82.55443pt x 43.09827pt.
<assets/ali_geometry.png, id=84, 740.7675pt x 548.0475pt>
File: assets/ali_geometry.png Graphic file (type png)
<use assets/ali_geometry.png>
Package pdftex.def Info: assets/ali_geometry.png  used on input line 334.
(pdftex.def)             Requested size: 89.98466pt x 66.57402pt.
<assets/linear_interpolation.png, id=85, 421.575pt x 316.18124pt>
File: assets/linear_interpolation.png Graphic file (type png)
<use assets/linear_interpolation.png>
Package pdftex.def Info: assets/linear_interpolation.png  used on input line 334.
(pdftex.def)             Requested size: 91.04854pt x 68.2864pt.
<assets/ali_interpolation.png, id=86, 421.575pt x 316.18124pt>
File: assets/ali_interpolation.png Graphic file (type png)
<use assets/ali_interpolation.png>
Package pdftex.def Info: assets/ali_interpolation.png  used on input line 334.
(pdftex.def)             Requested size: 91.04854pt x 68.2864pt.

Overfull \hbox (42.33383pt too wide) detected at line 334
[][][][][][][][][][][] [][][][][][][]
 []

[7

 <../thesis_phd_math/images/ch3/CEP_angles.drawio.png> <./assets/ali_geometry.png> <./assets/linear_interpolation.png (PNG copy)> <./assets/ali_interpolation.png (PNG copy)>]
LaTeX Font Info:    Calculating math sizes for size <7.4> on input line 422.


LaTeX Font Warning: Font shape `OML/cmm/m/it' in size <3.7> not available
(Font)              size <5> substituted on input line 422.


LaTeX Font Warning: Font shape `OMS/cmsy/m/n' in size <3.7> not available
(Font)              size <5> substituted on input line 422.


LaTeX Font Warning: Font shape `OML/cmm/b/it' in size <3.7> not available
(Font)              size <5> substituted on input line 422.


LaTeX Font Warning: Font shape `OMS/cmsy/b/n' in size <3.7> not available
(Font)              size <5> substituted on input line 422.

<assets/rigidity_geometry.png, id=105, 436.63126pt x 434.62375pt>
File: assets/rigidity_geometry.png Graphic file (type png)
<use assets/rigidity_geometry.png>
Package pdftex.def Info: assets/rigidity_geometry.png  used on input line 422.
(pdftex.def)             Requested size: 100.61629pt x 100.15367pt.
[8

 <./assets/rigidity_geometry.png>]
<../thesis_phd_math/images/ch3/f1_035.png, id=113, 421.575pt x 316.18124pt>
File: ../thesis_phd_math/images/ch3/f1_035.png Graphic file (type png)
<use ../thesis_phd_math/images/ch3/f1_035.png>
Package pdftex.def Info: ../thesis_phd_math/images/ch3/f1_035.png  used on input line 486.
(pdftex.def)             Requested size: 38.06233pt x 28.54674pt.
<../thesis_phd_math/images/ch3/f2_035.png, id=114, 421.575pt x 316.18124pt>
File: ../thesis_phd_math/images/ch3/f2_035.png Graphic file (type png)
<use ../thesis_phd_math/images/ch3/f2_035.png>
Package pdftex.def Info: ../thesis_phd_math/images/ch3/f2_035.png  used on input line 486.
(pdftex.def)             Requested size: 38.06233pt x 28.54674pt.
<../thesis_phd_math/images/ch3/f3_035.png, id=115, 421.575pt x 316.18124pt>
File: ../thesis_phd_math/images/ch3/f3_035.png Graphic file (type png)
<use ../thesis_phd_math/images/ch3/f3_035.png>
Package pdftex.def Info: ../thesis_phd_math/images/ch3/f3_035.png  used on input line 486.
(pdftex.def)             Requested size: 38.06233pt x 28.54674pt.
<../thesis_phd_math/images/ch3/f4_035.png, id=116, 421.575pt x 316.18124pt>
File: ../thesis_phd_math/images/ch3/f4_035.png Graphic file (type png)
<use ../thesis_phd_math/images/ch3/f4_035.png>
Package pdftex.def Info: ../thesis_phd_math/images/ch3/f4_035.png  used on input line 486.
(pdftex.def)             Requested size: 38.06233pt x 28.54674pt.
<../thesis_phd_math/images/ch3/U1f_c.png, id=117, 609.27625pt x 231.86626pt>
File: ../thesis_phd_math/images/ch3/U1f_c.png Graphic file (type png)
<use ../thesis_phd_math/images/ch3/U1f_c.png>
Package pdftex.def Info: ../thesis_phd_math/images/ch3/U1f_c.png  used on input line 486.
(pdftex.def)             Requested size: 38.06107pt x 14.48453pt.
<../thesis_phd_math/images/ch3/L1f_c.png, id=118, 599.23875pt x 227.85126pt>
File: ../thesis_phd_math/images/ch3/L1f_c.png Graphic file (type png)
<use ../thesis_phd_math/images/ch3/L1f_c.png>
Package pdftex.def Info: ../thesis_phd_math/images/ch3/L1f_c.png  used on input line 486.
(pdftex.def)             Requested size: 38.0558pt x 14.47012pt.
<../thesis_phd_math/images/ch3/S1f_c.png, id=119, 595.22375pt x 225.84375pt>
File: ../thesis_phd_math/images/ch3/S1f_c.png Graphic file (type png)
<use ../thesis_phd_math/images/ch3/S1f_c.png>
Package pdftex.def Info: ../thesis_phd_math/images/ch3/S1f_c.png  used on input line 486.
(pdftex.def)             Requested size: 38.05513pt x 14.43912pt.
<../thesis_phd_math/images/ch3/M1f_c.png, id=120, 599.23875pt x 227.85126pt>
File: ../thesis_phd_math/images/ch3/M1f_c.png Graphic file (type png)
<use ../thesis_phd_math/images/ch3/M1f_c.png>
Package pdftex.def Info: ../thesis_phd_math/images/ch3/M1f_c.png  used on input line 486.
(pdftex.def)             Requested size: 38.0558pt x 14.47012pt.
 [9

 <../thesis_phd_math/images/ch3/f1_035.png (PNG copy)> <../thesis_phd_math/images/ch3/f2_035.png (PNG copy)> <../thesis_phd_math/images/ch3/f3_035.png (PNG copy)> <../thesis_phd_math/images/ch3/f4_035.png (PNG copy)> <../thesis_phd_math/images/ch3/U1f_c.png> <../thesis_phd_math/images/ch3/L1f_c.png> <../thesis_phd_math/images/ch3/S1f_c.png> <../thesis_phd_math/images/ch3/M1f_c.png>]
File: assets/gcr_problem.png Graphic file (type png)
<use assets/gcr_problem.png>
Package pdftex.def Info: assets/gcr_problem.png  used on input line 526.
(pdftex.def)             Requested size: 215.76405pt x 129.45844pt.
 [10

]
<assets/gcr_raw.pdf, id=131, 572.13701pt x 370.61958pt>
File: assets/gcr_raw.pdf Graphic file (type pdf)
<use assets/gcr_raw.pdf>
Package pdftex.def Info: assets/gcr_raw.pdf  used on input line 569.
(pdftex.def)             Requested size: 109.80714pt x 71.131pt.
<assets/gcr_apf.pdf, id=132, 572.13701pt x 370.61958pt>
File: assets/gcr_apf.pdf Graphic file (type pdf)
<use assets/gcr_apf.pdf>
Package pdftex.def Info: assets/gcr_apf.pdf  used on input line 569.
(pdftex.def)             Requested size: 109.80714pt x 71.131pt.
<assets/gcr_relax.pdf, id=133, 572.13701pt x 370.61958pt>
File: assets/gcr_relax.pdf Graphic file (type pdf)
<use assets/gcr_relax.pdf>
Package pdftex.def Info: assets/gcr_relax.pdf  used on input line 569.
(pdftex.def)             Requested size: 109.80714pt x 71.131pt.
 [11

 <./assets/gcr_raw.pdf> <./assets/gcr_apf.pdf> <./assets/gcr_relax.pdf>]
<assets/transition_free.pdf, id=289, 601.045pt x 388.72084pt>
File: assets/transition_free.pdf Graphic file (type pdf)
<use assets/transition_free.pdf>
Package pdftex.def Info: assets/transition_free.pdf  used on input line 614.
(pdftex.def)             Requested size: 123.17833pt x 79.66455pt.
<assets/transition_blocked.pdf, id=290, 601.045pt x 388.72084pt>
File: assets/transition_blocked.pdf Graphic file (type pdf)
<use assets/transition_blocked.pdf>
Package pdftex.def Info: assets/transition_blocked.pdf  used on input line 614.
(pdftex.def)             Requested size: 123.17833pt x 79.66455pt.
 [12

 <./assets/transition_free.pdf> <./assets/transition_blocked.pdf>]
<assets/route_arc.pdf, id=415, 619.85698pt x 402.09622pt>
File: assets/route_arc.pdf Graphic file (type pdf)
<use assets/route_arc.pdf>
Package pdftex.def Info: assets/route_arc.pdf  used on input line 656.
(pdftex.def)             Requested size: 78.56963pt x 50.96748pt.
<assets/route_gate.pdf, id=416, 619.85698pt x 402.09622pt>
File: assets/route_gate.pdf Graphic file (type pdf)
<use assets/route_gate.pdf>
Package pdftex.def Info: assets/route_gate.pdf  used on input line 656.
(pdftex.def)             Requested size: 78.56963pt x 50.96748pt.
<assets/route_trap.pdf, id=417, 619.85698pt x 402.09622pt>
File: assets/route_trap.pdf Graphic file (type pdf)
<use assets/route_trap.pdf>
Package pdftex.def Info: assets/route_trap.pdf  used on input line 656.
(pdftex.def)             Requested size: 78.56963pt x 50.96748pt.
<assets/route_corridor.pdf, id=418, 619.85698pt x 402.09622pt>
File: assets/route_corridor.pdf Graphic file (type pdf)
<use assets/route_corridor.pdf>
Package pdftex.def Info: assets/route_corridor.pdf  used on input line 656.
(pdftex.def)             Requested size: 78.56963pt x 50.96748pt.
 [13

 <./assets/route_arc.pdf> <./assets/route_gate.pdf> <./assets/route_trap.pdf> <./assets/route_corridor.pdf>]
<assets/mujoco_setup.pdf, id=543, 870.1308pt x 498.54214pt>
File: assets/mujoco_setup.pdf Graphic file (type pdf)
<use assets/mujoco_setup.pdf>
Package pdftex.def Info: assets/mujoco_setup.pdf  used on input line 699.
(pdftex.def)             Requested size: 111.72687pt x 64.01399pt.
<assets/mujoco_s1_start.pdf, id=544, 462.52798pt x 260.17201pt>
File: assets/mujoco_s1_start.pdf Graphic file (type pdf)
<use assets/mujoco_s1_start.pdf>
Package pdftex.def Info: assets/mujoco_s1_start.pdf  used on input line 699.
(pdftex.def)             Requested size: 41.7457pt x 23.48195pt.
<assets/mujoco_s1_33.pdf, id=545, 462.52798pt x 260.17201pt>
File: assets/mujoco_s1_33.pdf Graphic file (type pdf)
<use assets/mujoco_s1_33.pdf>
Package pdftex.def Info: assets/mujoco_s1_33.pdf  used on input line 699.
(pdftex.def)             Requested size: 41.7457pt x 23.48195pt.
<assets/mujoco_s1_67.pdf, id=546, 462.52798pt x 260.17201pt>
File: assets/mujoco_s1_67.pdf Graphic file (type pdf)
<use assets/mujoco_s1_67.pdf>
Package pdftex.def Info: assets/mujoco_s1_67.pdf  used on input line 699.
(pdftex.def)             Requested size: 41.7457pt x 23.48195pt.
<assets/mujoco_s1_end.pdf, id=547, 462.52798pt x 260.17201pt>
File: assets/mujoco_s1_end.pdf Graphic file (type pdf)
<use assets/mujoco_s1_end.pdf>
Package pdftex.def Info: assets/mujoco_s1_end.pdf  used on input line 699.
(pdftex.def)             Requested size: 41.7457pt x 23.48195pt.
 [14

 <./assets/mujoco_setup.pdf> <./assets/mujoco_s1_start.pdf> <./assets/mujoco_s1_33.pdf> <./assets/mujoco_s1_67.pdf> <./assets/mujoco_s1_end.pdf>] [15

] [16

]
LaTeX Font Info:    Trying to load font information for T1+cmtt on input line 805.
 (/usr/local/texlive/2023/texmf-dist/tex/latex/base/t1cmtt.fd
File: t1cmtt.fd 2023/04/13 v2.5m Standard LaTeX font definitions
)
Package microtype Info: Loading generic protrusion settings for font family
(microtype)             `cmtt' (encoding: T1).
(microtype)             For optimal results, create family-specific settings.
(microtype)             See the microtype manual for details.
 [17

]

Package hyperref Warning: Token not allowed in a PDF string (Unicode):
(hyperref)                removing `\translate ' on input line 810.

[18

]
<assets/mass_spring.png, id=616, 791.95876pt x 292.09125pt>
File: assets/mass_spring.png Graphic file (type png)
<use assets/mass_spring.png>
Package pdftex.def Info: assets/mass_spring.png  used on input line 881.
(pdftex.def)             Requested size: 160.87831pt x 59.33534pt.
 [19

 <./assets/mass_spring.png>]
File: ../thesis_phd_math/images/ch3/f1_035.png Graphic file (type png)
<use ../thesis_phd_math/images/ch3/f1_035.png>
Package pdftex.def Info: ../thesis_phd_math/images/ch3/f1_035.png  used on input line 930.
(pdftex.def)             Requested size: 49.59618pt x 37.19713pt.
File: ../thesis_phd_math/images/ch3/f2_035.png Graphic file (type png)
<use ../thesis_phd_math/images/ch3/f2_035.png>
Package pdftex.def Info: ../thesis_phd_math/images/ch3/f2_035.png  used on input line 930.
(pdftex.def)             Requested size: 49.59618pt x 37.19713pt.
File: ../thesis_phd_math/images/ch3/f3_035.png Graphic file (type png)
<use ../thesis_phd_math/images/ch3/f3_035.png>
Package pdftex.def Info: ../thesis_phd_math/images/ch3/f3_035.png  used on input line 930.
(pdftex.def)             Requested size: 49.59618pt x 37.19713pt.
File: ../thesis_phd_math/images/ch3/f4_035.png Graphic file (type png)
<use ../thesis_phd_math/images/ch3/f4_035.png>
Package pdftex.def Info: ../thesis_phd_math/images/ch3/f4_035.png  used on input line 930.
(pdftex.def)             Requested size: 49.59618pt x 37.19713pt.
<../thesis_phd_math/images/ch3/f1_07.png, id=626, 421.575pt x 316.18124pt>
File: ../thesis_phd_math/images/ch3/f1_07.png Graphic file (type png)
<use ../thesis_phd_math/images/ch3/f1_07.png>
Package pdftex.def Info: ../thesis_phd_math/images/ch3/f1_07.png  used on input line 930.
(pdftex.def)             Requested size: 49.59618pt x 37.19713pt.
<../thesis_phd_math/images/ch3/f2_07.png, id=627, 421.575pt x 316.18124pt>
File: ../thesis_phd_math/images/ch3/f2_07.png Graphic file (type png)
<use ../thesis_phd_math/images/ch3/f2_07.png>
Package pdftex.def Info: ../thesis_phd_math/images/ch3/f2_07.png  used on input line 930.
(pdftex.def)             Requested size: 49.59618pt x 37.19713pt.
<../thesis_phd_math/images/ch3/f3_07.png, id=628, 421.575pt x 316.18124pt>
File: ../thesis_phd_math/images/ch3/f3_07.png Graphic file (type png)
<use ../thesis_phd_math/images/ch3/f3_07.png>
Package pdftex.def Info: ../thesis_phd_math/images/ch3/f3_07.png  used on input line 930.
(pdftex.def)             Requested size: 49.59618pt x 37.19713pt.
<../thesis_phd_math/images/ch3/f4_07.png, id=629, 421.575pt x 316.18124pt>
File: ../thesis_phd_math/images/ch3/f4_07.png Graphic file (type png)
<use ../thesis_phd_math/images/ch3/f4_07.png>
Package pdftex.def Info: ../thesis_phd_math/images/ch3/f4_07.png  used on input line 930.
(pdftex.def)             Requested size: 49.59618pt x 37.19713pt.
 [20

 <../thesis_phd_math/images/ch3/f1_07.png (PNG copy)> <../thesis_phd_math/images/ch3/f2_07.png (PNG copy)> <../thesis_phd_math/images/ch3/f3_07.png (PNG copy)> <../thesis_phd_math/images/ch3/f4_07.png (PNG copy)>]
<../thesis_phd_math/images/ch3/iter_035.png, id=635, 421.575pt x 316.18124pt>
File: ../thesis_phd_math/images/ch3/iter_035.png Graphic file (type png)
<use ../thesis_phd_math/images/ch3/iter_035.png>
Package pdftex.def Info: ../thesis_phd_math/images/ch3/iter_035.png  used on input line 949.
(pdftex.def)             Requested size: 81.5603pt x 61.17023pt.
<../thesis_phd_math/images/ch3/time_035.png, id=636, 421.575pt x 316.18124pt>
File: ../thesis_phd_math/images/ch3/time_035.png Graphic file (type png)
<use ../thesis_phd_math/images/ch3/time_035.png>
Package pdftex.def Info: ../thesis_phd_math/images/ch3/time_035.png  used on input line 949.
(pdftex.def)             Requested size: 81.5603pt x 61.17023pt.
<../thesis_phd_math/images/ch3/iter_07.png, id=637, 421.575pt x 316.18124pt>
File: ../thesis_phd_math/images/ch3/iter_07.png Graphic file (type png)
<use ../thesis_phd_math/images/ch3/iter_07.png>
Package pdftex.def Info: ../thesis_phd_math/images/ch3/iter_07.png  used on input line 949.
(pdftex.def)             Requested size: 81.5603pt x 61.17023pt.
<../thesis_phd_math/images/ch3/time_07.png, id=638, 421.575pt x 316.18124pt>
File: ../thesis_phd_math/images/ch3/time_07.png Graphic file (type png)
<use ../thesis_phd_math/images/ch3/time_07.png>
Package pdftex.def Info: ../thesis_phd_math/images/ch3/time_07.png  used on input line 949.
(pdftex.def)             Requested size: 81.5603pt x 61.17023pt.
 [21

 <../thesis_phd_math/images/ch3/iter_035.png (PNG copy)> <../thesis_phd_math/images/ch3/time_035.png (PNG copy)> <../thesis_phd_math/images/ch3/iter_07.png (PNG copy)> <../thesis_phd_math/images/ch3/time_07.png (PNG copy)>]
<../thesis_phd_math/images/ch3/lambda_error.png, id=644, 421.575pt x 316.18124pt>
File: ../thesis_phd_math/images/ch3/lambda_error.png Graphic file (type png)
<use ../thesis_phd_math/images/ch3/lambda_error.png>
Package pdftex.def Info: ../thesis_phd_math/images/ch3/lambda_error.png  used on input line 970.
(pdftex.def)             Requested size: 166.16327pt x 124.62245pt.
<../thesis_phd_math/images/ch3/lambda_iter.png, id=645, 429.10312pt x 310.91156pt>
File: ../thesis_phd_math/images/ch3/lambda_iter.png Graphic file (type png)
<use ../thesis_phd_math/images/ch3/lambda_iter.png>
Package pdftex.def Info: ../thesis_phd_math/images/ch3/lambda_iter.png  used on input line 970.
(pdftex.def)             Requested size: 171.99832pt x 124.62334pt.
 [22

 <../thesis_phd_math/images/ch3/lambda_error.png (PNG copy)> <../thesis_phd_math/images/ch3/lambda_iter.png (PNG copy)>]
<../thesis_phd_math/images/ch3/U1.png, id=651, 421.575pt x 316.18124pt>
File: ../thesis_phd_math/images/ch3/U1.png Graphic file (type png)
<use ../thesis_phd_math/images/ch3/U1.png>
Package pdftex.def Info: ../thesis_phd_math/images/ch3/U1.png  used on input line 997.
(pdftex.def)             Requested size: 91.8076pt x 68.8557pt.
<../thesis_phd_math/images/ch3/L1.png, id=652, 421.575pt x 316.18124pt>
File: ../thesis_phd_math/images/ch3/L1.png Graphic file (type png)
<use ../thesis_phd_math/images/ch3/L1.png>
Package pdftex.def Info: ../thesis_phd_math/images/ch3/L1.png  used on input line 997.
(pdftex.def)             Requested size: 91.8076pt x 68.8557pt.
<../thesis_phd_math/images/ch3/S1.png, id=653, 421.575pt x 316.18124pt>
File: ../thesis_phd_math/images/ch3/S1.png Graphic file (type png)
<use ../thesis_phd_math/images/ch3/S1.png>
Package pdftex.def Info: ../thesis_phd_math/images/ch3/S1.png  used on input line 997.
(pdftex.def)             Requested size: 91.8076pt x 68.8557pt.
<../thesis_phd_math/images/ch3/M1.png, id=654, 421.575pt x 316.18124pt>
File: ../thesis_phd_math/images/ch3/M1.png Graphic file (type png)
<use ../thesis_phd_math/images/ch3/M1.png>
Package pdftex.def Info: ../thesis_phd_math/images/ch3/M1.png  used on input line 997.
(pdftex.def)             Requested size: 91.8076pt x 68.8557pt.
 [23

 <../thesis_phd_math/images/ch3/U1.png (PNG copy)> <../thesis_phd_math/images/ch3/L1.png (PNG copy)> <../thesis_phd_math/images/ch3/S1.png (PNG copy)> <../thesis_phd_math/images/ch3/M1.png (PNG copy)>]
<assets/kuka_setup.jpg, id=660, 1284.8pt x 578.16pt>
File: assets/kuka_setup.jpg Graphic file (type jpg)
<use assets/kuka_setup.jpg>
Package pdftex.def Info: assets/kuka_setup.jpg  used on input line 1023.
(pdftex.def)             Requested size: 289.57724pt x 130.30975pt.
 [24

 <./assets/kuka_setup.jpg>]
File: ../thesis_phd_math/images/ch3/U1f_c.png Graphic file (type png)
<use ../thesis_phd_math/images/ch3/U1f_c.png>
Package pdftex.def Info: ../thesis_phd_math/images/ch3/U1f_c.png  used on input line 1059.
(pdftex.def)             Requested size: 95.25496pt x 36.25023pt.
File: ../thesis_phd_math/images/ch3/L1f_c.png Graphic file (type png)
<use ../thesis_phd_math/images/ch3/L1f_c.png>
Package pdftex.def Info: ../thesis_phd_math/images/ch3/L1f_c.png  used on input line 1059.
(pdftex.def)             Requested size: 95.25839pt x 36.22052pt.
File: ../thesis_phd_math/images/ch3/S1f_c.png Graphic file (type png)
<use ../thesis_phd_math/images/ch3/S1f_c.png>
Package pdftex.def Info: ../thesis_phd_math/images/ch3/S1f_c.png  used on input line 1059.
(pdftex.def)             Requested size: 95.2559pt x 36.14262pt.
File: ../thesis_phd_math/images/ch3/M1f_c.png Graphic file (type png)
<use ../thesis_phd_math/images/ch3/M1f_c.png>
Package pdftex.def Info: ../thesis_phd_math/images/ch3/M1f_c.png  used on input line 1059.
(pdftex.def)             Requested size: 95.25839pt x 36.22052pt.
 [25

]
File: ../thesis_phd_math/images/ch3/conc_1inter_c.png Graphic file (type png)
<use ../thesis_phd_math/images/ch3/conc_1inter_c.png>
Package pdftex.def Info: ../thesis_phd_math/images/ch3/conc_1inter_c.png  used on input line 1090.
(pdftex.def)             Requested size: 95.25821pt x 36.6624pt.
<../thesis_phd_math/images/ch3/conc_2inter_c.png, id=673, 607.26875pt x 233.87375pt>
File: ../thesis_phd_math/images/ch3/conc_2inter_c.png Graphic file (type png)
<use ../thesis_phd_math/images/ch3/conc_2inter_c.png>
Package pdftex.def Info: ../thesis_phd_math/images/ch3/conc_2inter_c.png  used on input line 1090.
(pdftex.def)             Requested size: 95.25615pt x 36.68542pt.
<../thesis_phd_math/images/ch3/conc_3inter_c.png, id=674, 597.23125pt x 229.85875pt>
File: ../thesis_phd_math/images/ch3/conc_3inter_c.png Graphic file (type png)
<use ../thesis_phd_math/images/ch3/conc_3inter_c.png>
Package pdftex.def Info: ../thesis_phd_math/images/ch3/conc_3inter_c.png  used on input line 1090.
(pdftex.def)             Requested size: 95.25821pt x 36.6624pt.
<../thesis_phd_math/images/ch3/conc_4inter_c.png, id=675, 601.24625pt x 231.86626pt>
File: ../thesis_phd_math/images/ch3/conc_4inter_c.png Graphic file (type png)
<use ../thesis_phd_math/images/ch3/conc_4inter_c.png>
Package pdftex.def Info: ../thesis_phd_math/images/ch3/conc_4inter_c.png  used on input line 1090.
(pdftex.def)             Requested size: 95.25641pt x 36.73494pt.
 [26

 <../thesis_phd_math/images/ch3/conc_2inter_c.png> <../thesis_phd_math/images/ch3/conc_3inter_c.png> <../thesis_phd_math/images/ch3/conc_4inter_c.png>]
<../thesis_phd_math/images/ch3/U1e.png, id=684, 451.6875pt x 376.40625pt>
File: ../thesis_phd_math/images/ch3/U1e.png Graphic file (type png)
<use ../thesis_phd_math/images/ch3/U1e.png>
Package pdftex.def Info: ../thesis_phd_math/images/ch3/U1e.png  used on input line 1106.
(pdftex.def)             Requested size: 73.06407pt x 60.88672pt.
<../thesis_phd_math/images/ch3/L1e.png, id=685, 451.6875pt x 376.40625pt>
File: ../thesis_phd_math/images/ch3/L1e.png Graphic file (type png)
<use ../thesis_phd_math/images/ch3/L1e.png>
Package pdftex.def Info: ../thesis_phd_math/images/ch3/L1e.png  used on input line 1106.
(pdftex.def)             Requested size: 73.06407pt x 60.88672pt.
<../thesis_phd_math/images/ch3/S1e.png, id=686, 451.6875pt x 376.40625pt>
File: ../thesis_phd_math/images/ch3/S1e.png Graphic file (type png)
<use ../thesis_phd_math/images/ch3/S1e.png>
Package pdftex.def Info: ../thesis_phd_math/images/ch3/S1e.png  used on input line 1106.
(pdftex.def)             Requested size: 73.06407pt x 60.88672pt.
<../thesis_phd_math/images/ch3/M1e.png, id=687, 451.6875pt x 376.40625pt>
File: ../thesis_phd_math/images/ch3/M1e.png Graphic file (type png)
<use ../thesis_phd_math/images/ch3/M1e.png>
Package pdftex.def Info: ../thesis_phd_math/images/ch3/M1e.png  used on input line 1106.
(pdftex.def)             Requested size: 73.06407pt x 60.88672pt.
 [27

 <../thesis_phd_math/images/ch3/U1e.png (PNG copy)> <../thesis_phd_math/images/ch3/L1e.png (PNG copy)> <../thesis_phd_math/images/ch3/S1e.png (PNG copy)> <../thesis_phd_math/images/ch3/M1e.png (PNG copy)>] [28

]
File: assets/mujoco_setup.pdf Graphic file (type pdf)
<use assets/mujoco_setup.pdf>
Package pdftex.def Info: assets/mujoco_setup.pdf  used on input line 1183.
(pdftex.def)             Requested size: 109.24405pt x 62.59146pt.
File: assets/mujoco_s1_start.pdf Graphic file (type pdf)
<use assets/mujoco_s1_start.pdf>
Package pdftex.def Info: assets/mujoco_s1_start.pdf  used on input line 1183.
(pdftex.def)             Requested size: 34.64575pt x 19.48824pt.
File: assets/mujoco_s1_33.pdf Graphic file (type pdf)
<use assets/mujoco_s1_33.pdf>
Package pdftex.def Info: assets/mujoco_s1_33.pdf  used on input line 1183.
(pdftex.def)             Requested size: 34.64575pt x 19.48824pt.
File: assets/mujoco_s1_67.pdf Graphic file (type pdf)
<use assets/mujoco_s1_67.pdf>
Package pdftex.def Info: assets/mujoco_s1_67.pdf  used on input line 1183.
(pdftex.def)             Requested size: 34.64575pt x 19.48824pt.
File: assets/mujoco_s1_end.pdf Graphic file (type pdf)
<use assets/mujoco_s1_end.pdf>
Package pdftex.def Info: assets/mujoco_s1_end.pdf  used on input line 1183.
(pdftex.def)             Requested size: 34.64575pt x 19.48824pt.
 [29

] [30

] [31

] [32

] [33

]
\tf@nav=\write6
\openout6 = `main2.nav'.

\tf@toc=\write7
\openout7 = `main2.toc'.

\tf@snm=\write8
\openout8 = `main2.snm'.

 (./main2.aux)
 ***********
LaTeX2e <2023-11-01> patch level 1
L3 programming layer <2024-01-22>
 ***********


LaTeX Font Warning: Size substitutions with differences
(Font)              up to 1.85pt have occurred.

Package rerunfilecheck Info: File `main2.out' has not changed.
(rerunfilecheck)             Checksum: 5BCEA9CF7D2D9AECE7CAC4018E9F6C5B;81.
 ) 
Here is how much of TeX's memory you used:
 26011 strings out of 474222
 499185 string characters out of 5746180
 1944975 words of memory out of 5000000
 47418 multiletter control sequences out of 15000+600000
 621267 words of font info for 303 fonts, out of 8000000 for 9000
 1141 hyphenation exceptions out of 8191
 128i,18n,123p,1047b,726s stack positions out of 10000i,1000n,20000p,200000b,200000s
</usr/local/texlive/2023/texmf-dist/fonts/type1/public/amsfonts/cm/cmbx7.pfb></usr/local/texlive/2023/texmf-dist/fonts/type1/public/amsfonts/cmextra/cmex7.pfb></usr/local/texlive/2023/texmf-dist/fonts/type1/public/amsfonts/cmextra/cmex9.pfb></usr/local/texlive/2023/texmf-dist/fonts/type1/public/amsfonts/cm/cmmi5.pfb></usr/local/texlive/2023/texmf-dist/fonts/type1/public/amsfonts/cm/cmmi6.pfb></usr/local/texlive/2023/texmf-dist/fonts/type1/public/amsfonts/cm/cmmi7.pfb></usr/local/texlive/2023/texmf-dist/fonts/type1/public/amsfonts/cm/cmmi8.pfb></usr/local/texlive/2023/texmf-dist/fonts/type1/public/amsfonts/cm/cmmi9.pfb></usr/local/texlive/2023/texmf-dist/fonts/type1/public/amsfonts/cmextra/cmmib5.pfb></usr/local/texlive/2023/texmf-dist/fonts/type1/public/amsfonts/cmextra/cmmib6.pfb></usr/local/texlive/2023/texmf-dist/fonts/type1/public/amsfonts/cmextra/cmmib7.pfb></usr/local/texlive/2023/texmf-dist/fonts/type1/public/amsfonts/cmextra/cmmib8.pfb></usr/local/texlive/2023/texmf-dist/fonts/type1/public/amsfonts/cmextra/cmmib9.pfb></usr/local/texlive/2023/texmf-dist/fonts/type1/public/amsfonts/cm/cmr5.pfb></usr/local/texlive/2023/texmf-dist/fonts/type1/public/amsfonts/cm/cmr6.pfb></usr/local/texlive/2023/texmf-dist/fonts/type1/public/amsfonts/cm/cmr7.pfb></usr/local/texlive/2023/texmf-dist/fonts/type1/public/amsfonts/cm/cmr8.pfb></usr/local/texlive/2023/texmf-dist/fonts/type1/public/amsfonts/cm/cmr9.pfb></usr/local/texlive/2023/texmf-dist/fonts/type1/public/amsfonts/cm/cmss8.pfb></usr/local/texlive/2023/texmf-dist/fonts/type1/public/amsfonts/cm/cmsy5.pfb></usr/local/texlive/2023/texmf-dist/fonts/type1/public/amsfonts/cm/cmsy6.pfb></usr/local/texlive/2023/texmf-dist/fonts/type1/public/amsfonts/cm/cmsy7.pfb></usr/local/texlive/2023/texmf-dist/fonts/type1/public/amsfonts/cm/cmsy8.pfb></usr/local/texlive/2023/texmf-dist/fonts/type1/public/amsfonts/cm/cmsy9.pfb></usr/local/texlive/2023/texmf-dist/fonts/type1/public/amsfonts/symbols/msbm10.pfb></usr/local/texlive/2023/texmf-dist/fonts/type1/public/cm-super/sfsi0800.pfb></usr/local/texlive/2023/texmf-dist/fonts/type1/public/cm-super/sfss0600.pfb></usr/local/texlive/2023/texmf-dist/fonts/type1/public/cm-super/sfss0700.pfb></usr/local/texlive/2023/texmf-dist/fonts/type1/public/cm-super/sfss0800.pfb></usr/local/texlive/2023/texmf-dist/fonts/type1/public/cm-super/sfss0900.pfb></usr/local/texlive/2023/texmf-dist/fonts/type1/public/cm-super/sfss1000.pfb></usr/local/texlive/2023/texmf-dist/fonts/type1/public/cm-super/sfss1440.pfb></usr/local/texlive/2023/texmf-dist/fonts/type1/public/cm-super/sfsx0700.pfb></usr/local/texlive/2023/texmf-dist/fonts/type1/public/cm-super/sfsx0800.pfb></usr/local/texlive/2023/texmf-dist/fonts/type1/public/cm-super/sfsx0900.pfb></usr/local/texlive/2023/texmf-dist/fonts/type1/public/cm-super/sfsx1000.pfb></usr/local/texlive/2023/texmf-dist/fonts/type1/public/cm-super/sfsx1728.pfb></usr/local/texlive/2023/texmf-dist/fonts/type1/public/cm-super/sfsx2488.pfb></usr/local/texlive/2023/texmf-dist/fonts/type1/public/cm-super/sftt0900.pfb>
Output written on main2.pdf (33 pages, 4176560 bytes).
PDF statistics:
 902 PDF objects out of 1000 (max. 8388607)
 384 compressed objects within 4 object streams
 68 named destinations out of 1000 (max. 500000)
 168779 words of extra memory for PDF output out of 184870 (max. 10000000)

